[24-Feb-2026 01:05:10 UTC] 該当データなし: node_id=b14b46d7c91ec44a
[24-Feb-2026 01:05:10 UTC] 取得object_node_id: 1771489359942678604,1771487406463641608
[24-Feb-2026 01:05:10 UTC] 該当データなし: node_id=b14b46d7c91ec44a
[24-Feb-2026 01:05:10 UTC] 取得object_node_id: 1771489359942678604,1771487406463641608
[24-Feb-2026 01:14:10 UTC] object_nodes SQL: 
[24-Feb-2026 01:14:10 UTC] 取得object_node_id: 1771489359942678604,1771487406463641608
[24-Feb-2026 01:14:10 UTC] object_nodes SQL: 
[24-Feb-2026 01:14:10 UTC] 該当データなし: node_id=b14b46d7c91ec44a
[24-Feb-2026 01:33:11 UTC] object_nodes SQL: 
[24-Feb-2026 01:33:11 UTC] 該当データなし: node_id=b14b46d7c91ec44a
[24-Feb-2026 01:33:11 UTC] object_nodes SQL: 
[24-Feb-2026 01:33:11 UTC] 取得object_node_id: 1771489359942678604,1771487406463641608
[24-Feb-2026 01:44:21 UTC] object_nodes SQL: 
[24-Feb-2026 01:44:21 UTC] 該当データなし: node_id=b14b46d7c91ec44a
[24-Feb-2026 01:44:21 UTC] object_nodes SQL: 
[24-Feb-2026 01:44:21 UTC] 取得object_node_id: 1771489359942678604,1771487406463641608
[24-Feb-2026 01:44:46 UTC] 取得object_node_id: 1770340043005257258,1770086323118483641,1768282110864892976,1768258775849470024,1768256889713620264,1768184976530239828,1768184722627705824,1768184673718376463,1768184395584294613,1768184341997595410,1768184196282292859,176818417036139827,17681841379649941,1768184084393371265,1768184061596262073,1768183107005740140,1767821597456918164,1765607533799938204,1765585657889629723,1765585613246240930,1765585609616857424,1765585598071788299,176558558189449805,17655855193531941,1765585437831353637,1765585415273614578,1765585393280572457,1765585388661931519,1765585377860424970,1765585341508939892,1765578994578470704
[24-Feb-2026 01:44:46 UTC] 取得object_node_id: 1771489359942678604,1771487406463641608,1769478880118301485,1769218123711742211,1768283283543689982,1768283273309830805,1768283250640590386,1768213573612983106,1768182543676533285,1768182359633644819,1768182313291771526,1768182299642164976,1768182283866249583
[24-Feb-2026 01:44:46 UTC] object_nodes SQL: 
[24-Feb-2026 01:44:46 UTC] 該当データなし: node_id=b14b46d7c91ec44a
[24-Feb-2026 01:44:46 UTC] object_nodes SQL: 
[24-Feb-2026 01:44:46 UTC] 取得object_node_id: 1771489359942678604,1771487406463641608
[24-Feb-2026 03:01:41 UTC] 取得object_node_id: 1771489359942678604,1771487406463641608,1769478880118301485,1769218123711742211,1768283283543689982,1768283273309830805,1768283250640590386,1768213573612983106,1768182543676533285,1768182359633644819,1768182313291771526,1768182299642164976,1768182283866249583
[24-Feb-2026 03:01:41 UTC] 取得object_node_id: 1770340043005257258,1770086323118483641,1768282110864892976,1768258775849470024,1768256889713620264,1768184976530239828,1768184722627705824,1768184673718376463,1768184395584294613,1768184341997595410,1768184196282292859,176818417036139827,17681841379649941,1768184084393371265,1768184061596262073,1768183107005740140,1767821597456918164,1765607533799938204,1765585657889629723,1765585613246240930,1765585609616857424,1765585598071788299,176558558189449805,17655855193531941,1765585437831353637,1765585415273614578,1765585393280572457,1765585388661931519,1765585377860424970,1765585341508939892,1765578994578470704
[24-Feb-2026 03:01:41 UTC] 取得object_node_id: 1771482091445973646,1771481595190315268,1770699749066582554,177068893340161069,1769206379926987214,1765578778986176460
[24-Feb-2026 03:01:41 UTC] object_nodes SQL: 
[24-Feb-2026 03:01:41 UTC] 該当データなし: node_id=b14b46d7c91ec44a
[24-Feb-2026 03:01:41 UTC] object_nodes SQL: 
[24-Feb-2026 03:01:41 UTC] 取得object_node_id: 1771489359942678604,1771487406463641608
[24-Feb-2026 03:01:41 UTC] object_nodes SQL: 
[24-Feb-2026 03:01:41 UTC] 取得object_node_id: 1771482091445973646,1771481595190315268,1770699749066582554
[24-Feb-2026 03:13:42 UTC] 取得object_node_id: 1770340043005257258,1770086323118483641,1768282110864892976,1768258775849470024,1768256889713620264,1768184976530239828,1768184722627705824,1768184673718376463,1768184395584294613,1768184341997595410,1768184196282292859,176818417036139827,17681841379649941,1768184084393371265,1768184061596262073,1768183107005740140,1767821597456918164,1765607533799938204,1765585657889629723,1765585613246240930,1765585609616857424,1765585598071788299,176558558189449805,17655855193531941,1765585437831353637,1765585415273614578,1765585393280572457,1765585388661931519,1765585377860424970,1765585341508939892,1765578994578470704
[24-Feb-2026 03:13:42 UTC] 取得object_node_id: 1771482091445973646,1771481595190315268,1770699749066582554,177068893340161069,1769206379926987214,1765578778986176460
[24-Feb-2026 03:13:42 UTC] 取得object_node_id: 1771489359942678604,1771487406463641608,1769478880118301485,1769218123711742211,1768283283543689982,1768283273309830805,1768283250640590386,1768213573612983106,1768182543676533285,1768182359633644819,1768182313291771526,1768182299642164976,1768182283866249583
[24-Feb-2026 03:13:43 UTC] object_nodes SQL: 
[24-Feb-2026 03:13:43 UTC] 該当データなし: node_id=b14b46d7c91ec44a
[24-Feb-2026 03:13:43 UTC] object_nodes SQL: 
[24-Feb-2026 03:13:43 UTC] 取得object_node_id: 1771489359942678604,1771487406463641608
[24-Feb-2026 03:13:43 UTC] object_nodes SQL: 
[24-Feb-2026 03:13:43 UTC] 取得object_node_id: 1771482091445973646,1771481595190315268,1770699749066582554
[24-Feb-2026 03:15:55 UTC] 取得object_node_id: 1771482091445973646,1771481595190315268,1770699749066582554,177068893340161069,1769206379926987214,1765578778986176460
[24-Feb-2026 03:15:55 UTC] 取得object_node_id: 1770340043005257258,1770086323118483641,1768282110864892976,1768258775849470024,1768256889713620264,1768184976530239828,1768184722627705824,1768184673718376463,1768184395584294613,1768184341997595410,1768184196282292859,176818417036139827,17681841379649941,1768184084393371265,1768184061596262073,1768183107005740140,1767821597456918164,1765607533799938204,1765585657889629723,1765585613246240930,1765585609616857424,1765585598071788299,176558558189449805,17655855193531941,1765585437831353637,1765585415273614578,1765585393280572457,1765585388661931519,1765585377860424970,1765585341508939892,1765578994578470704
[24-Feb-2026 03:15:55 UTC] 取得object_node_id: 1771489359942678604,1771487406463641608,1769478880118301485,1769218123711742211,1768283283543689982,1768283273309830805,1768283250640590386,1768213573612983106,1768182543676533285,1768182359633644819,1768182313291771526,1768182299642164976,1768182283866249583
[24-Feb-2026 03:15:56 UTC] object_nodes SQL: 
[24-Feb-2026 03:15:56 UTC] 該当データなし: node_id=b14b46d7c91ec44a
[24-Feb-2026 03:15:56 UTC] object_nodes SQL: 
[24-Feb-2026 03:15:56 UTC] 取得object_node_id: 1771489359942678604,1771487406463641608
[24-Feb-2026 03:15:56 UTC] object_nodes SQL: 
[24-Feb-2026 03:15:56 UTC] 取得object_node_id: 1771482091445973646,1771481595190315268,1770699749066582554
[25-Feb-2026 10:20:03 UTC] 該当データなし: node_id=c944d4743ba92353
[25-Feb-2026 10:20:03 UTC] 取得object_node_id: 1772014740655106661,1772014710770738897,1772014676121419266
[25-Feb-2026 10:20:03 UTC] 該当データなし: node_id=c944d962b57f1adb
[25-Feb-2026 10:20:03 UTC] object_nodes SQL: 
[25-Feb-2026 10:20:03 UTC] 取得object_node_id: 1772014740655106661,1772014710770738897,1772014676121419266
[25-Feb-2026 10:20:03 UTC] object_nodes SQL: 
[25-Feb-2026 10:20:03 UTC] 該当データなし: node_id=c944d4743ba92353
[25-Feb-2026 10:20:03 UTC] object_nodes SQL: 
[25-Feb-2026 10:20:03 UTC] 該当データなし: node_id=c944d962b57f1adb
[25-Feb-2026 10:20:10 UTC] 取得object_node_id: 1772014740655106661,1772014710770738897,1772014676121419266
[25-Feb-2026 10:20:10 UTC] 該当データなし: node_id=c944d4743ba92353
[25-Feb-2026 10:20:10 UTC] 該当データなし: node_id=c944d962b57f1adb
[25-Feb-2026 10:20:10 UTC] object_nodes SQL: 
[25-Feb-2026 10:20:10 UTC] 取得object_node_id: 1772014740655106661,1772014710770738897,1772014676121419266
[25-Feb-2026 10:20:10 UTC] object_nodes SQL: 
[25-Feb-2026 10:20:10 UTC] 該当データなし: node_id=c944d4743ba92353
[25-Feb-2026 10:20:10 UTC] object_nodes SQL: 
[25-Feb-2026 10:20:10 UTC] 該当データなし: node_id=c944d962b57f1adb
[25-Feb-2026 10:24:51 UTC] [TEST] object_nodes SQL: SELECT * FROM object_nodes WHERE node_id = 'c944d4743ba92353' AND deleted = 0 ORDER BY created_at DESC
[25-Feb-2026 10:24:51 UTC] [TEST] object_nodes SQL: SELECT * FROM object_nodes WHERE node_id = 'c944d22266188cde' AND deleted = 0 ORDER BY created_at DESC
[25-Feb-2026 10:24:51 UTC] [TEST] object_nodes SQL: SELECT * FROM object_nodes WHERE node_id = 'c944d962b57f1adb' AND deleted = 0 ORDER BY created_at DESC
[25-Feb-2026 10:27:57 UTC] [TEST] object_nodes SQL: SELECT * FROM object_nodes WHERE node_id = 'c944d22266188cde' AND deleted = 0 ORDER BY created_at DESC
[25-Feb-2026 10:27:57 UTC] [TEST] object_nodes SQL: SELECT * FROM object_nodes WHERE node_id = 'c944d962b57f1adb' AND deleted = 0 ORDER BY created_at DESC
[25-Feb-2026 10:27:57 UTC] [TEST] object_nodes SQL: SELECT * FROM object_nodes WHERE node_id = 'c944d4743ba92353' AND deleted = 0 ORDER BY created_at DESC
[25-Feb-2026 22:19:17 UTC] [TEST] object_nodes SQL: SELECT * FROM object_nodes WHERE node_id = 'c944d22266188cde' AND deleted = 0 ORDER BY created_at DESC
[25-Feb-2026 22:19:17 UTC] [TEST] object_nodes SQL: SELECT * FROM object_nodes WHERE node_id = 'c944d4743ba92353' AND deleted = 0 ORDER BY created_at DESC
[25-Feb-2026 22:19:17 UTC] [TEST] object_nodes SQL: SELECT * FROM object_nodes WHERE node_id = 'c944d962b57f1adb' AND deleted = 0 ORDER BY created_at DESC
[08-Apr-2026 22:32:18 UTC] [TEST] object_nodes SQL: SELECT * FROM object_nodes WHERE node_id = 'c944d22266188cde' AND deleted = 0 ORDER BY created_at DESC
[08-Apr-2026 22:32:18 UTC] [TEST] object_nodes SQL: SELECT * FROM object_nodes WHERE node_id = 'c944d4743ba92353' AND deleted = 0 ORDER BY created_at DESC
[08-Apr-2026 22:32:18 UTC] [TEST] object_nodes SQL: SELECT * FROM object_nodes WHERE node_id = 'c944d962b57f1adb' AND deleted = 0 ORDER BY created_at DESC
[08-Apr-2026 22:55:13 UTC] [TEST] object_nodes SQL: SELECT * FROM object_nodes WHERE node_id = 'c944d22266188cde' AND deleted = 0 ORDER BY created_at DESC
[08-Apr-2026 22:55:13 UTC] [TEST] object_nodes SQL: SELECT * FROM object_nodes WHERE node_id = 'c944d4743ba92353' AND deleted = 0 ORDER BY created_at DESC
[08-Apr-2026 22:55:13 UTC] [TEST] object_nodes SQL: SELECT * FROM object_nodes WHERE node_id = 'c944d962b57f1adb' AND deleted = 0 ORDER BY created_at DESC
[08-Apr-2026 23:26:48 UTC] [TEST] object_nodes SQL: SELECT * FROM object_nodes WHERE node_id = 'c944d962b57f1adb' AND deleted = 0 ORDER BY created_at DESC
[08-Apr-2026 23:26:48 UTC] [TEST] object_nodes SQL: SELECT * FROM object_nodes WHERE node_id = 'c944d22266188cde' AND deleted = 0 ORDER BY created_at DESC
[08-Apr-2026 23:26:48 UTC] [TEST] object_nodes SQL: SELECT * FROM object_nodes WHERE node_id = 'c944d4743ba92353' AND deleted = 0 ORDER BY created_at DESC
[09-Apr-2026 04:18:08 UTC] [TEST] object_nodes SQL: SELECT * FROM object_nodes WHERE node_id = 'c944d22266188cde' AND deleted = 0 ORDER BY created_at DESC
[09-Apr-2026 04:18:08 UTC] [TEST] object_nodes SQL: SELECT * FROM object_nodes WHERE node_id = 'c944d4743ba92353' AND deleted = 0 ORDER BY created_at DESC
[09-Apr-2026 04:18:08 UTC] [TEST] object_nodes SQL: SELECT * FROM object_nodes WHERE node_id = 'c944d962b57f1adb' AND deleted = 0 ORDER BY created_at DESC
[27-Apr-2026 23:12:41 UTC] [TEST] object_nodes SQL: SELECT * FROM object_nodes WHERE node_id = 'c944d22266188cde' AND deleted = 0 ORDER BY created_at DESC
[27-Apr-2026 23:12:41 UTC] [TEST] object_nodes SQL: SELECT * FROM object_nodes WHERE node_id = 'c944d4743ba92353' AND deleted = 0 ORDER BY created_at DESC
[27-Apr-2026 23:12:41 UTC] [TEST] object_nodes SQL: SELECT * FROM object_nodes WHERE node_id = 'c944d962b57f1adb' AND deleted = 0 ORDER BY created_at DESC
[28-Apr-2026 01:13:09 UTC] [TEST] object_nodes SQL: SELECT * FROM object_nodes WHERE node_id = 'bb9c046de4142fbe' AND deleted = 0 ORDER BY created_at DESC
[28-Apr-2026 01:27:21 UTC] [TEST] object_nodes SQL: SELECT * FROM object_nodes WHERE node_id = 'bb9c046de4142fbe' AND deleted = 0 ORDER BY created_at DESC
[11-May-2026 21:42:52 UTC] [TEST] object_nodes SQL: SELECT * FROM object_nodes WHERE node_id = 'bb9c046de4142fbe' AND deleted = 0 ORDER BY created_at DESC
[11-May-2026 21:43:01 UTC] [TEST] object_nodes SQL: SELECT * FROM object_nodes WHERE node_id = 'bb9c046de4142fbe' AND deleted = 0 ORDER BY created_at DESC
[11-May-2026 21:44:40 UTC] [TEST] object_nodes SQL: SELECT * FROM object_nodes WHERE node_id = 'bb9c046de4142fbe' AND deleted = 0 ORDER BY created_at DESC
[11-May-2026 21:47:39 UTC] [TEST] object_nodes SQL: SELECT * FROM object_nodes WHERE node_id = 'bb9c046de4142fbe' AND deleted = 0 ORDER BY created_at DESC
[11-May-2026 22:40:39 UTC] [TEST] object_nodes SQL: SELECT * FROM object_nodes WHERE node_id = 'bb9c046de4142fbe' AND deleted = 0 ORDER BY created_at DESC
[11-May-2026 22:40:40 UTC] [TEST] object_nodes SQL: SELECT * FROM object_nodes WHERE node_id = 'bb9c046de4142fbe' AND deleted = 0 ORDER BY created_at DESC
[11-May-2026 22:40:41 UTC] [TEST] object_nodes SQL: SELECT * FROM object_nodes WHERE node_id = 'bb9c046de4142fbe' AND deleted = 0 ORDER BY created_at DESC
[11-May-2026 22:41:01 UTC] [TEST] object_nodes SQL: SELECT * FROM object_nodes WHERE node_id = 'bb9c046de4142fbe' AND deleted = 0 ORDER BY created_at DESC
[11-May-2026 22:44:49 UTC] [TEST] object_nodes SQL: SELECT * FROM object_nodes WHERE node_id = 'bb9c046de4142fbe' AND deleted = 0 ORDER BY created_at DESC
[11-May-2026 22:45:04 UTC] [TEST] object_nodes SQL: SELECT * FROM object_nodes WHERE node_id = 'bb9c046de4142fbe' AND deleted = 0 ORDER BY created_at DESC
[11-May-2026 22:45:06 UTC] [TEST] object_nodes SQL: SELECT * FROM object_nodes WHERE node_id = 'c944d22266188cde' AND deleted = 0 ORDER BY created_at DESC
[11-May-2026 22:45:06 UTC] [TEST] object_nodes SQL: SELECT * FROM object_nodes WHERE node_id = 'c944d4743ba92353' AND deleted = 0 ORDER BY created_at DESC
[11-May-2026 22:45:06 UTC] [TEST] object_nodes SQL: SELECT * FROM object_nodes WHERE node_id = 'c944d962b57f1adb' AND deleted = 0 ORDER BY created_at DESC
[11-May-2026 22:45:10 UTC] [TEST] object_nodes SQL: SELECT * FROM object_nodes WHERE node_id = 'bb9c046de4142fbe' AND deleted = 0 ORDER BY created_at DESC
[12-May-2026 15:03:37 UTC] [TEST] object_nodes SQL: SELECT * FROM object_nodes WHERE node_id = 'bb9c046de4142fbe' AND deleted = 0 ORDER BY created_at DESC
[12-May-2026 21:55:11 UTC] [TEST] object_nodes SQL: SELECT * FROM object_nodes WHERE node_id = 'bb9c046de4142fbe' AND deleted = 0 ORDER BY created_at DESC
[12-May-2026 21:55:29 UTC] [TEST] object_nodes SQL: SELECT * FROM object_nodes WHERE node_id = 'bb9c046de4142fbe' AND deleted = 0 ORDER BY created_at DESC
[12-May-2026 21:58:33 UTC] [TEST] object_nodes SQL: SELECT * FROM object_nodes WHERE node_id = 'bb9c046de4142fbe' AND deleted = 0 ORDER BY created_at DESC
[12-May-2026 21:59:47 UTC] [TEST] object_nodes SQL: SELECT * FROM object_nodes WHERE node_id = 'bb9c046de4142fbe' AND deleted = 0 ORDER BY created_at DESC
[12-May-2026 22:13:51 UTC] [TEST] object_nodes SQL: SELECT * FROM object_nodes WHERE node_id = 'bb9c046de4142fbe' AND deleted = 0 ORDER BY created_at DESC
[12-May-2026 22:14:04 UTC] [TEST] object_nodes SQL: SELECT * FROM object_nodes WHERE node_id = 'bb9c046de4142fbe' AND deleted = 0 ORDER BY created_at DESC
[12-May-2026 22:15:41 UTC] [TEST] object_nodes SQL: SELECT * FROM object_nodes WHERE node_id = 'bb9c046de4142fbe' AND deleted = 0 ORDER BY created_at DESC
[12-May-2026 22:16:11 UTC] [TEST] object_nodes SQL: SELECT * FROM object_nodes WHERE node_id = 'bb9c046de4142fbe' AND deleted = 0 ORDER BY created_at DESC
[12-May-2026 22:17:36 UTC] [TEST] object_nodes SQL: SELECT * FROM object_nodes WHERE node_id = 'bb9c046de4142fbe' AND deleted = 0 ORDER BY created_at DESC
[12-May-2026 22:19:26 UTC] [TEST] object_nodes SQL: SELECT * FROM object_nodes WHERE node_id = 'bb9c046de4142fbe' AND deleted = 0 ORDER BY created_at DESC
[12-May-2026 22:20:48 UTC] [TEST] object_nodes SQL: SELECT * FROM object_nodes WHERE node_id = 'bb9c046de4142fbe' AND deleted = 0 ORDER BY created_at DESC
[12-May-2026 22:22:04 UTC] [TEST] object_nodes SQL: SELECT * FROM object_nodes WHERE node_id = 'bb9c046de4142fbe' AND deleted = 0 ORDER BY created_at DESC
[12-May-2026 22:22:45 UTC] [TEST] object_nodes SQL: SELECT * FROM object_nodes WHERE node_id = 'bb9c046de4142fbe' AND deleted = 0 ORDER BY created_at DESC
[12-May-2026 22:24:30 UTC] [TEST] object_nodes SQL: SELECT * FROM object_nodes WHERE node_id = 'bb9c046de4142fbe' AND deleted = 0 ORDER BY created_at DESC
[12-May-2026 22:27:54 UTC] [TEST] object_nodes SQL: SELECT * FROM object_nodes WHERE node_id = 'bb9c046de4142fbe' AND deleted = 0 ORDER BY created_at DESC
[12-May-2026 22:30:31 UTC] [TEST] object_nodes SQL: SELECT * FROM object_nodes WHERE node_id = 'bb9c046de4142fbe' AND deleted = 0 ORDER BY created_at DESC
[12-May-2026 22:32:04 UTC] [TEST] object_nodes SQL: SELECT * FROM object_nodes WHERE node_id = 'bb9c046de4142fbe' AND deleted = 0 ORDER BY created_at DESC
[12-May-2026 22:32:53 UTC] [TEST] object_nodes SQL: SELECT * FROM object_nodes WHERE node_id = 'bb9c046de4142fbe' AND deleted = 0 ORDER BY created_at DESC
[12-May-2026 22:39:33 UTC] [TEST] object_nodes SQL: SELECT * FROM object_nodes WHERE node_id = 'bb9c046de4142fbe' AND deleted = 0 ORDER BY created_at DESC
[12-May-2026 22:42:34 UTC] [TEST] object_nodes SQL: SELECT * FROM object_nodes WHERE node_id = 'bb9c046de4142fbe' AND deleted = 0 ORDER BY created_at DESC
[12-May-2026 22:43:35 UTC] [TEST] object_nodes SQL: SELECT * FROM object_nodes WHERE node_id = 'bb9c046de4142fbe' AND deleted = 0 ORDER BY created_at DESC
[12-May-2026 22:43:54 UTC] [TEST] object_nodes SQL: SELECT * FROM object_nodes WHERE node_id = 'bb9c046de4142fbe' AND deleted = 0 ORDER BY created_at DESC
[12-May-2026 22:44:22 UTC] [TEST] object_nodes SQL: SELECT * FROM object_nodes WHERE node_id = 'bb9c046de4142fbe' AND deleted = 0 ORDER BY created_at DESC
[12-May-2026 22:44:46 UTC] [TEST] object_nodes SQL: SELECT * FROM object_nodes WHERE node_id = 'bb9c046de4142fbe' AND deleted = 0 ORDER BY created_at DESC
[18-May-2026 01:04:34 UTC] [TEST] object_nodes SQL: SELECT * FROM object_nodes WHERE node_id = 'bb9c046de4142fbe' AND deleted = 0 ORDER BY created_at DESC
[18-May-2026 01:40:44 UTC] [TEST] object_nodes SQL: SELECT * FROM object_nodes WHERE node_id = 'bb9c046de4142fbe' AND deleted = 0 ORDER BY created_at DESC
[18-May-2026 01:40:52 UTC] [TEST] object_nodes SQL: SELECT * FROM object_nodes WHERE node_id = 'b14b46d7c91ec44a' AND deleted = 0 ORDER BY created_at DESC
[18-May-2026 01:40:52 UTC] [TEST] object_nodes SQL: SELECT * FROM object_nodes WHERE node_id = 'bafe013ae67f2ad0' AND deleted = 0 ORDER BY created_at DESC
[18-May-2026 01:40:52 UTC] [TEST] object_nodes SQL: SELECT * FROM object_nodes WHERE node_id = 'b14b1a7d97148e49' AND deleted = 0 ORDER BY created_at DESC
[18-May-2026 01:55:12 UTC] [TEST] object_nodes SQL: SELECT * FROM object_nodes WHERE node_id = 'bb9c046de4142fbe' AND deleted = 0 ORDER BY created_at DESC
[28-May-2026 02:08:01 UTC] [TEST] object_nodes SQL: SELECT * FROM object_nodes WHERE node_id = 'bb9c046de4142fbe' AND deleted = 0 ORDER BY created_at DESC
[28-May-2026 02:55:08 UTC] [TEST] object_nodes SQL: SELECT * FROM object_nodes WHERE node_id = 'bb9c046de4142fbe' AND deleted = 0 ORDER BY created_at DESC
[28-May-2026 05:48:27 UTC] [TEST] object_nodes SQL: SELECT * FROM object_nodes WHERE node_id = 'bb9c046de4142fbe' AND deleted = 0 ORDER BY created_at DESC
[28-May-2026 06:34:24 UTC] [TEST] object_nodes SQL: SELECT * FROM object_nodes WHERE node_id = 'bb9c046de4142fbe' AND deleted = 0 ORDER BY created_at DESC
[28-May-2026 06:34:28 UTC] [TEST] object_nodes SQL: SELECT * FROM object_nodes WHERE node_id = 'bb9c046de4142fbe' AND deleted = 0 ORDER BY created_at DESC
[28-May-2026 06:34:45 UTC] [TEST] object_nodes SQL: SELECT * FROM object_nodes WHERE node_id = 'bb9c046de4142fbe' AND deleted = 0 ORDER BY created_at DESC
[28-May-2026 06:35:17 UTC] [TEST] object_nodes SQL: SELECT * FROM object_nodes WHERE node_id = 'bb9c046de4142fbe' AND deleted = 0 ORDER BY created_at DESC
[28-May-2026 06:35:28 UTC] [TEST] object_nodes SQL: SELECT * FROM object_nodes WHERE node_id = 'bb9c046de4142fbe' AND deleted = 0 ORDER BY created_at DESC
[28-May-2026 06:51:56 UTC] [TEST] object_nodes SQL: SELECT * FROM object_nodes WHERE node_id = 'bb9c046de4142fbe' AND deleted = 0 ORDER BY created_at DESC
[28-May-2026 06:52:46 UTC] [TEST] object_nodes SQL: SELECT * FROM object_nodes WHERE node_id = 'e6d26895621d0f14' AND deleted = 0 ORDER BY created_at DESC
[28-May-2026 06:52:46 UTC] [TEST] object_nodes SQL: SELECT * FROM object_nodes WHERE node_id = 'b14b46d7c91ec44a' AND deleted = 0 ORDER BY created_at DESC
[28-May-2026 06:54:34 UTC] [TEST] object_nodes SQL: SELECT * FROM object_nodes WHERE node_id = 'b14b46d7c91ec44a' AND deleted = 0 ORDER BY created_at DESC
[28-May-2026 06:54:34 UTC] [TEST] object_nodes SQL: SELECT * FROM object_nodes WHERE node_id = 'e6d26895621d0f14' AND deleted = 0 ORDER BY created_at DESC
[29-May-2026 06:44:54 UTC] [TEST] object_nodes SQL: SELECT * FROM object_nodes WHERE node_id = 'e6d26895621d0f14' AND deleted = 0 ORDER BY created_at DESC
[29-May-2026 06:44:54 UTC] [TEST] object_nodes SQL: SELECT * FROM object_nodes WHERE node_id = 'b14b46d7c91ec44a' AND deleted = 0 ORDER BY created_at DESC
[03-Jun-2026 04:25:41 UTC] [TEST] object_nodes SQL: SELECT * FROM object_nodes WHERE node_id = 'e865e2e4740a94ef' AND deleted = 0 ORDER BY created_at DESC
[03-Jun-2026 04:25:41 UTC] [TEST] object_nodes SQL: SELECT * FROM object_nodes WHERE node_id = 'e865c6da3565f70a' AND deleted = 0 ORDER BY created_at DESC
[03-Jun-2026 04:25:41 UTC] [TEST] object_nodes SQL: SELECT * FROM object_nodes WHERE node_id = 'e865cd6ef403fe7c' AND deleted = 0 ORDER BY created_at DESC
[03-Jun-2026 04:25:41 UTC] [TEST] object_nodes SQL: SELECT * FROM object_nodes WHERE node_id = 'e866192f4182214c' AND deleted = 0 ORDER BY created_at DESC
[03-Jun-2026 04:25:49 UTC] [TEST] object_nodes SQL: SELECT * FROM object_nodes WHERE node_id = 'e865e2e4740a94ef' AND deleted = 0 ORDER BY created_at DESC
[03-Jun-2026 04:25:49 UTC] [TEST] object_nodes SQL: SELECT * FROM object_nodes WHERE node_id = 'e865c6da3565f70a' AND deleted = 0 ORDER BY created_at DESC
[03-Jun-2026 04:25:49 UTC] [TEST] object_nodes SQL: SELECT * FROM object_nodes WHERE node_id = 'e865cd6ef403fe7c' AND deleted = 0 ORDER BY created_at DESC
[03-Jun-2026 04:25:49 UTC] [TEST] object_nodes SQL: SELECT * FROM object_nodes WHERE node_id = 'e866192f4182214c' AND deleted = 0 ORDER BY created_at DESC
[03-Jun-2026 04:35:12 UTC] [TEST] object_nodes SQL: SELECT * FROM object_nodes WHERE node_id = 'e865e2e4740a94ef' AND deleted = 0 ORDER BY created_at DESC
[03-Jun-2026 04:35:12 UTC] [TEST] object_nodes SQL: SELECT * FROM object_nodes WHERE node_id = 'e865c6da3565f70a' AND deleted = 0 ORDER BY created_at DESC
[03-Jun-2026 04:35:12 UTC] [TEST] object_nodes SQL: SELECT * FROM object_nodes WHERE node_id = 'e865cd6ef403fe7c' AND deleted = 0 ORDER BY created_at DESC
[03-Jun-2026 04:35:12 UTC] [TEST] object_nodes SQL: SELECT * FROM object_nodes WHERE node_id = 'e866192f4182214c' AND deleted = 0 ORDER BY created_at DESC
[03-Jun-2026 04:46:31 UTC] [TEST] object_nodes SQL: SELECT * FROM object_nodes WHERE node_id = 'e865e2e4740a94ef' AND deleted = 0 ORDER BY created_at DESC
[03-Jun-2026 04:46:31 UTC] [TEST] object_nodes SQL: SELECT * FROM object_nodes WHERE node_id = 'e865c6da3565f70a' AND deleted = 0 ORDER BY created_at DESC
[03-Jun-2026 04:46:31 UTC] [TEST] object_nodes SQL: SELECT * FROM object_nodes WHERE node_id = 'e865cd6ef403fe7c' AND deleted = 0 ORDER BY created_at DESC
[03-Jun-2026 04:46:31 UTC] [TEST] object_nodes SQL: SELECT * FROM object_nodes WHERE node_id = 'e866192f4182214c' AND deleted = 0 ORDER BY created_at DESC
[03-Jun-2026 04:53:05 UTC] [TEST] object_nodes SQL: SELECT * FROM object_nodes WHERE node_id = 'e865c6da3565f70a' AND deleted = 0 ORDER BY created_at DESC
[03-Jun-2026 04:53:05 UTC] [TEST] object_nodes SQL: SELECT * FROM object_nodes WHERE node_id = 'e865e2e4740a94ef' AND deleted = 0 ORDER BY created_at DESC
[03-Jun-2026 04:53:05 UTC] [TEST] object_nodes SQL: SELECT * FROM object_nodes WHERE node_id = 'e865cd6ef403fe7c' AND deleted = 0 ORDER BY created_at DESC
[03-Jun-2026 04:53:05 UTC] [TEST] object_nodes SQL: SELECT * FROM object_nodes WHERE node_id = 'e866192f4182214c' AND deleted = 0 ORDER BY created_at DESC
[03-Jun-2026 04:57:46 UTC] [TEST] object_nodes SQL: SELECT * FROM object_nodes WHERE node_id = 'e865e2e4740a94ef' AND deleted = 0 ORDER BY created_at DESC
[03-Jun-2026 04:57:46 UTC] [TEST] object_nodes SQL: SELECT * FROM object_nodes WHERE node_id = 'e865c6da3565f70a' AND deleted = 0 ORDER BY created_at DESC
[03-Jun-2026 04:57:46 UTC] [TEST] object_nodes SQL: SELECT * FROM object_nodes WHERE node_id = 'e865cd6ef403fe7c' AND deleted = 0 ORDER BY created_at DESC
[03-Jun-2026 04:57:46 UTC] [TEST] object_nodes SQL: SELECT * FROM object_nodes WHERE node_id = 'e866192f4182214c' AND deleted = 0 ORDER BY created_at DESC
[03-Jun-2026 05:04:05 UTC] [TEST] object_nodes SQL: SELECT * FROM object_nodes WHERE node_id = 'e865e2e4740a94ef' AND deleted = 0 ORDER BY created_at DESC
[03-Jun-2026 05:04:05 UTC] [TEST] object_nodes SQL: SELECT * FROM object_nodes WHERE node_id = 'e865c6da3565f70a' AND deleted = 0 ORDER BY created_at DESC
[03-Jun-2026 05:04:06 UTC] [TEST] object_nodes SQL: SELECT * FROM object_nodes WHERE node_id = 'e865cd6ef403fe7c' AND deleted = 0 ORDER BY created_at DESC
[03-Jun-2026 05:04:06 UTC] [TEST] object_nodes SQL: SELECT * FROM object_nodes WHERE node_id = 'e866192f4182214c' AND deleted = 0 ORDER BY created_at DESC
[03-Jun-2026 05:26:32 UTC] [TEST] object_nodes SQL: SELECT * FROM object_nodes WHERE node_id = 'e865e2e4740a94ef' AND deleted = 0 ORDER BY created_at DESC
[03-Jun-2026 05:26:32 UTC] [TEST] object_nodes SQL: SELECT * FROM object_nodes WHERE node_id = 'e865c6da3565f70a' AND deleted = 0 ORDER BY created_at DESC
[03-Jun-2026 05:26:32 UTC] [TEST] object_nodes SQL: SELECT * FROM object_nodes WHERE node_id = 'e865cd6ef403fe7c' AND deleted = 0 ORDER BY created_at DESC
[03-Jun-2026 05:26:32 UTC] [TEST] object_nodes SQL: SELECT * FROM object_nodes WHERE node_id = 'e866192f4182214c' AND deleted = 0 ORDER BY created_at DESC
[03-Jun-2026 07:14:00 UTC] [TEST] object_nodes SQL: SELECT * FROM object_nodes WHERE node_id = 'e865e2e4740a94ef' AND deleted = 0 ORDER BY created_at DESC
[03-Jun-2026 07:14:00 UTC] [TEST] object_nodes SQL: SELECT * FROM object_nodes WHERE node_id = 'e865c6da3565f70a' AND deleted = 0 ORDER BY created_at DESC
[03-Jun-2026 07:14:00 UTC] [TEST] object_nodes SQL: SELECT * FROM object_nodes WHERE node_id = 'e865cd6ef403fe7c' AND deleted = 0 ORDER BY created_at DESC
[03-Jun-2026 07:14:00 UTC] [TEST] object_nodes SQL: SELECT * FROM object_nodes WHERE node_id = 'e866192f4182214c' AND deleted = 0 ORDER BY created_at DESC
[10-Jun-2026 07:25:24 UTC] [TEST] object_nodes SQL: SELECT * FROM object_nodes WHERE node_id = 'e865e2e4740a94ef' AND deleted = 0 ORDER BY created_at DESC
[10-Jun-2026 07:25:24 UTC] [TEST] object_nodes SQL: SELECT * FROM object_nodes WHERE node_id = 'e865c6da3565f70a' AND deleted = 0 ORDER BY created_at DESC
[10-Jun-2026 07:25:24 UTC] [TEST] object_nodes SQL: SELECT * FROM object_nodes WHERE node_id = 'e865cd6ef403fe7c' AND deleted = 0 ORDER BY created_at DESC
[10-Jun-2026 07:25:24 UTC] [TEST] object_nodes SQL: SELECT * FROM object_nodes WHERE node_id = 'e866192f4182214c' AND deleted = 0 ORDER BY created_at DESC
[10-Jun-2026 08:03:58 UTC] [TEST] object_nodes SQL: SELECT * FROM object_nodes WHERE node_id = 'e865c6da3565f70a' AND deleted = 0 ORDER BY created_at DESC
[10-Jun-2026 08:03:58 UTC] [TEST] object_nodes SQL: SELECT * FROM object_nodes WHERE node_id = 'e865e2e4740a94ef' AND deleted = 0 ORDER BY created_at DESC
[10-Jun-2026 08:03:58 UTC] [TEST] object_nodes SQL: SELECT * FROM object_nodes WHERE node_id = 'e865cd6ef403fe7c' AND deleted = 0 ORDER BY created_at DESC
[10-Jun-2026 08:03:58 UTC] [TEST] object_nodes SQL: SELECT * FROM object_nodes WHERE node_id = 'e866192f4182214c' AND deleted = 0 ORDER BY created_at DESC
[10-Jun-2026 23:08:15 UTC] [TEST] object_nodes SQL: SELECT * FROM object_nodes WHERE node_id = 'e865e2e4740a94ef' AND deleted = 0 ORDER BY created_at DESC
[10-Jun-2026 23:08:15 UTC] [TEST] object_nodes SQL: SELECT * FROM object_nodes WHERE node_id = 'e865c6da3565f70a' AND deleted = 0 ORDER BY created_at DESC
[10-Jun-2026 23:08:15 UTC] [TEST] object_nodes SQL: SELECT * FROM object_nodes WHERE node_id = 'e865cd6ef403fe7c' AND deleted = 0 ORDER BY created_at DESC
[10-Jun-2026 23:08:15 UTC] [TEST] object_nodes SQL: SELECT * FROM object_nodes WHERE node_id = 'e866192f4182214c' AND deleted = 0 ORDER BY created_at DESC
[10-Jun-2026 23:24:34 UTC] [TEST] object_nodes SQL: SELECT * FROM object_nodes WHERE node_id = 'e865e2e4740a94ef' AND deleted = 0 ORDER BY created_at DESC
[10-Jun-2026 23:24:34 UTC] [TEST] object_nodes SQL: SELECT * FROM object_nodes WHERE node_id = 'e865c6da3565f70a' AND deleted = 0 ORDER BY created_at DESC
[10-Jun-2026 23:24:34 UTC] [TEST] object_nodes SQL: SELECT * FROM object_nodes WHERE node_id = 'e865cd6ef403fe7c' AND deleted = 0 ORDER BY created_at DESC
[10-Jun-2026 23:24:34 UTC] [TEST] object_nodes SQL: SELECT * FROM object_nodes WHERE node_id = 'e866192f4182214c' AND deleted = 0 ORDER BY created_at DESC
[10-Jun-2026 23:27:34 UTC] [TEST] object_nodes SQL: SELECT * FROM object_nodes WHERE node_id = 'e865c6da3565f70a' AND deleted = 0 ORDER BY created_at DESC
[10-Jun-2026 23:27:34 UTC] [TEST] object_nodes SQL: SELECT * FROM object_nodes WHERE node_id = 'e865e2e4740a94ef' AND deleted = 0 ORDER BY created_at DESC
[10-Jun-2026 23:27:34 UTC] [TEST] object_nodes SQL: SELECT * FROM object_nodes WHERE node_id = 'e865cd6ef403fe7c' AND deleted = 0 ORDER BY created_at DESC
[10-Jun-2026 23:27:34 UTC] [TEST] object_nodes SQL: SELECT * FROM object_nodes WHERE node_id = 'e866192f4182214c' AND deleted = 0 ORDER BY created_at DESC
[10-Jun-2026 23:29:30 UTC] [TEST] object_nodes SQL: SELECT * FROM object_nodes WHERE node_id = 'e865e2e4740a94ef' AND deleted = 0 ORDER BY created_at DESC
[10-Jun-2026 23:29:30 UTC] [TEST] object_nodes SQL: SELECT * FROM object_nodes WHERE node_id = 'e865c6da3565f70a' AND deleted = 0 ORDER BY created_at DESC
[10-Jun-2026 23:29:30 UTC] [TEST] object_nodes SQL: SELECT * FROM object_nodes WHERE node_id = 'e865cd6ef403fe7c' AND deleted = 0 ORDER BY created_at DESC
[10-Jun-2026 23:29:30 UTC] [TEST] object_nodes SQL: SELECT * FROM object_nodes WHERE node_id = 'e866192f4182214c' AND deleted = 0 ORDER BY created_at DESC
[10-Jun-2026 23:29:48 UTC] [TEST] object_nodes SQL: SELECT * FROM object_nodes WHERE node_id = 'e865e2e4740a94ef' AND deleted = 0 ORDER BY created_at DESC
[10-Jun-2026 23:29:48 UTC] [TEST] object_nodes SQL: SELECT * FROM object_nodes WHERE node_id = 'e865c6da3565f70a' AND deleted = 0 ORDER BY created_at DESC
[10-Jun-2026 23:29:48 UTC] [TEST] object_nodes SQL: SELECT * FROM object_nodes WHERE node_id = 'e865cd6ef403fe7c' AND deleted = 0 ORDER BY created_at DESC
[10-Jun-2026 23:29:48 UTC] [TEST] object_nodes SQL: SELECT * FROM object_nodes WHERE node_id = 'e866192f4182214c' AND deleted = 0 ORDER BY created_at DESC
[10-Jun-2026 23:33:41 UTC] [TEST] object_nodes SQL: SELECT * FROM object_nodes WHERE node_id = 'e865e2e4740a94ef' AND deleted = 0 ORDER BY created_at DESC
[10-Jun-2026 23:33:41 UTC] [TEST] object_nodes SQL: SELECT * FROM object_nodes WHERE node_id = 'e865c6da3565f70a' AND deleted = 0 ORDER BY created_at DESC
[10-Jun-2026 23:33:41 UTC] [TEST] object_nodes SQL: SELECT * FROM object_nodes WHERE node_id = 'e865cd6ef403fe7c' AND deleted = 0 ORDER BY created_at DESC
[10-Jun-2026 23:33:41 UTC] [TEST] object_nodes SQL: SELECT * FROM object_nodes WHERE node_id = 'e866192f4182214c' AND deleted = 0 ORDER BY created_at DESC
[10-Jun-2026 23:34:03 UTC] [TEST] object_nodes SQL: SELECT * FROM object_nodes WHERE node_id = 'e865e2e4740a94ef' AND deleted = 0 ORDER BY created_at DESC
[10-Jun-2026 23:34:03 UTC] [TEST] object_nodes SQL: SELECT * FROM object_nodes WHERE node_id = 'e865c6da3565f70a' AND deleted = 0 ORDER BY created_at DESC
[10-Jun-2026 23:34:03 UTC] [TEST] object_nodes SQL: SELECT * FROM object_nodes WHERE node_id = 'e865cd6ef403fe7c' AND deleted = 0 ORDER BY created_at DESC
[10-Jun-2026 23:34:03 UTC] [TEST] object_nodes SQL: SELECT * FROM object_nodes WHERE node_id = 'e866192f4182214c' AND deleted = 0 ORDER BY created_at DESC
[10-Jun-2026 23:34:31 UTC] [TEST] object_nodes SQL: SELECT * FROM object_nodes WHERE node_id = 'e865e2e4740a94ef' AND deleted = 0 ORDER BY created_at DESC
[10-Jun-2026 23:34:32 UTC] [TEST] object_nodes SQL: SELECT * FROM object_nodes WHERE node_id = 'e865c6da3565f70a' AND deleted = 0 ORDER BY created_at DESC
[10-Jun-2026 23:34:32 UTC] [TEST] object_nodes SQL: SELECT * FROM object_nodes WHERE node_id = 'e865cd6ef403fe7c' AND deleted = 0 ORDER BY created_at DESC
[10-Jun-2026 23:34:32 UTC] [TEST] object_nodes SQL: SELECT * FROM object_nodes WHERE node_id = 'e866192f4182214c' AND deleted = 0 ORDER BY created_at DESC
[10-Jun-2026 23:37:05 UTC] [TEST] object_nodes SQL: SELECT * FROM object_nodes WHERE node_id = 'e865e2e4740a94ef' AND deleted = 0 ORDER BY created_at DESC
[10-Jun-2026 23:37:05 UTC] [TEST] object_nodes SQL: SELECT * FROM object_nodes WHERE node_id = 'e865c6da3565f70a' AND deleted = 0 ORDER BY created_at DESC
[10-Jun-2026 23:37:05 UTC] [TEST] object_nodes SQL: SELECT * FROM object_nodes WHERE node_id = 'e865cd6ef403fe7c' AND deleted = 0 ORDER BY created_at DESC
[10-Jun-2026 23:37:05 UTC] [TEST] object_nodes SQL: SELECT * FROM object_nodes WHERE node_id = 'e866192f4182214c' AND deleted = 0 ORDER BY created_at DESC
[10-Jun-2026 23:37:16 UTC] [TEST] object_nodes SQL: SELECT * FROM object_nodes WHERE node_id = 'e865e2e4740a94ef' AND deleted = 0 ORDER BY created_at DESC
[10-Jun-2026 23:37:16 UTC] [TEST] object_nodes SQL: SELECT * FROM object_nodes WHERE node_id = 'e865c6da3565f70a' AND deleted = 0 ORDER BY created_at DESC
[10-Jun-2026 23:37:16 UTC] [TEST] object_nodes SQL: SELECT * FROM object_nodes WHERE node_id = 'e865cd6ef403fe7c' AND deleted = 0 ORDER BY created_at DESC
[10-Jun-2026 23:37:16 UTC] [TEST] object_nodes SQL: SELECT * FROM object_nodes WHERE node_id = 'e866192f4182214c' AND deleted = 0 ORDER BY created_at DESC
[10-Jun-2026 23:37:37 UTC] [TEST] object_nodes SQL: SELECT * FROM object_nodes WHERE node_id = 'e865e2e4740a94ef' AND deleted = 0 ORDER BY created_at DESC
[10-Jun-2026 23:37:37 UTC] [TEST] object_nodes SQL: SELECT * FROM object_nodes WHERE node_id = 'e865c6da3565f70a' AND deleted = 0 ORDER BY created_at DESC
[10-Jun-2026 23:37:37 UTC] [TEST] object_nodes SQL: SELECT * FROM object_nodes WHERE node_id = 'e865cd6ef403fe7c' AND deleted = 0 ORDER BY created_at DESC
[10-Jun-2026 23:37:38 UTC] [TEST] object_nodes SQL: SELECT * FROM object_nodes WHERE node_id = 'e866192f4182214c' AND deleted = 0 ORDER BY created_at DESC
[10-Jun-2026 23:58:39 UTC] [TEST] object_nodes SQL: SELECT * FROM object_nodes WHERE node_id = 'e865e2e4740a94ef' AND deleted = 0 ORDER BY created_at DESC
[10-Jun-2026 23:58:39 UTC] [TEST] object_nodes SQL: SELECT * FROM object_nodes WHERE node_id = 'e865c6da3565f70a' AND deleted = 0 ORDER BY created_at DESC
[10-Jun-2026 23:58:39 UTC] [TEST] object_nodes SQL: SELECT * FROM object_nodes WHERE node_id = 'e865cd6ef403fe7c' AND deleted = 0 ORDER BY created_at DESC
[10-Jun-2026 23:58:39 UTC] [TEST] object_nodes SQL: SELECT * FROM object_nodes WHERE node_id = 'e866192f4182214c' AND deleted = 0 ORDER BY created_at DESC
[11-Jun-2026 00:03:05 UTC] [TEST] object_nodes SQL: SELECT * FROM object_nodes WHERE node_id = 'e865e2e4740a94ef' AND deleted = 0 ORDER BY created_at DESC
[11-Jun-2026 00:03:05 UTC] [TEST] object_nodes SQL: SELECT * FROM object_nodes WHERE node_id = 'e865c6da3565f70a' AND deleted = 0 ORDER BY created_at DESC
[11-Jun-2026 00:03:05 UTC] [TEST] object_nodes SQL: SELECT * FROM object_nodes WHERE node_id = 'e865cd6ef403fe7c' AND deleted = 0 ORDER BY created_at DESC
[11-Jun-2026 00:03:05 UTC] [TEST] object_nodes SQL: SELECT * FROM object_nodes WHERE node_id = 'e866192f4182214c' AND deleted = 0 ORDER BY created_at DESC
[11-Jun-2026 00:10:37 UTC] [TEST] object_nodes SQL: SELECT * FROM object_nodes WHERE node_id = 'e865e2e4740a94ef' AND deleted = 0 ORDER BY created_at DESC
[11-Jun-2026 00:10:37 UTC] [TEST] object_nodes SQL: SELECT * FROM object_nodes WHERE node_id = 'e865c6da3565f70a' AND deleted = 0 ORDER BY created_at DESC
[11-Jun-2026 00:10:37 UTC] [TEST] object_nodes SQL: SELECT * FROM object_nodes WHERE node_id = 'e865cd6ef403fe7c' AND deleted = 0 ORDER BY created_at DESC
[11-Jun-2026 00:10:37 UTC] [TEST] object_nodes SQL: SELECT * FROM object_nodes WHERE node_id = 'e866192f4182214c' AND deleted = 0 ORDER BY created_at DESC
[11-Jun-2026 00:12:28 UTC] [TEST] object_nodes SQL: SELECT * FROM object_nodes WHERE node_id = 'e865e2e4740a94ef' AND deleted = 0 ORDER BY created_at DESC
[11-Jun-2026 00:12:29 UTC] [TEST] object_nodes SQL: SELECT * FROM object_nodes WHERE node_id = 'e865c6da3565f70a' AND deleted = 0 ORDER BY created_at DESC
[11-Jun-2026 00:12:29 UTC] [TEST] object_nodes SQL: SELECT * FROM object_nodes WHERE node_id = 'e865cd6ef403fe7c' AND deleted = 0 ORDER BY created_at DESC
[11-Jun-2026 00:12:29 UTC] [TEST] object_nodes SQL: SELECT * FROM object_nodes WHERE node_id = 'e866192f4182214c' AND deleted = 0 ORDER BY created_at DESC
[11-Jun-2026 03:02:16 UTC] [TEST] object_nodes SQL: SELECT * FROM object_nodes WHERE node_id = 'e865e2e4740a94ef' AND deleted = 0 ORDER BY created_at DESC
[11-Jun-2026 03:02:16 UTC] [TEST] object_nodes SQL: SELECT * FROM object_nodes WHERE node_id = 'e865c6da3565f70a' AND deleted = 0 ORDER BY created_at DESC
[11-Jun-2026 03:02:16 UTC] [TEST] object_nodes SQL: SELECT * FROM object_nodes WHERE node_id = 'e865cd6ef403fe7c' AND deleted = 0 ORDER BY created_at DESC
[11-Jun-2026 03:02:16 UTC] [TEST] object_nodes SQL: SELECT * FROM object_nodes WHERE node_id = 'e866192f4182214c' AND deleted = 0 ORDER BY created_at DESC
[11-Jun-2026 03:04:42 UTC] [TEST] object_nodes SQL: SELECT * FROM object_nodes WHERE node_id = 'e865e2e4740a94ef' AND deleted = 0 ORDER BY created_at DESC
[11-Jun-2026 03:04:42 UTC] [TEST] object_nodes SQL: SELECT * FROM object_nodes WHERE node_id = 'e865c6da3565f70a' AND deleted = 0 ORDER BY created_at DESC
[11-Jun-2026 03:04:42 UTC] [TEST] object_nodes SQL: SELECT * FROM object_nodes WHERE node_id = 'e865cd6ef403fe7c' AND deleted = 0 ORDER BY created_at DESC
[11-Jun-2026 03:04:42 UTC] [TEST] object_nodes SQL: SELECT * FROM object_nodes WHERE node_id = 'e866192f4182214c' AND deleted = 0 ORDER BY created_at DESC
[11-Jun-2026 03:06:39 UTC] [TEST] object_nodes SQL: SELECT * FROM object_nodes WHERE node_id = 'e865e2e4740a94ef' AND deleted = 0 ORDER BY created_at DESC
[11-Jun-2026 03:06:39 UTC] [TEST] object_nodes SQL: SELECT * FROM object_nodes WHERE node_id = 'e865c6da3565f70a' AND deleted = 0 ORDER BY created_at DESC
[11-Jun-2026 03:06:39 UTC] [TEST] object_nodes SQL: SELECT * FROM object_nodes WHERE node_id = 'e865cd6ef403fe7c' AND deleted = 0 ORDER BY created_at DESC
[11-Jun-2026 03:06:39 UTC] [TEST] object_nodes SQL: SELECT * FROM object_nodes WHERE node_id = 'e866192f4182214c' AND deleted = 0 ORDER BY created_at DESC
[11-Jun-2026 03:08:14 UTC] [TEST] object_nodes SQL: SELECT * FROM object_nodes WHERE node_id = 'e865e2e4740a94ef' AND deleted = 0 ORDER BY created_at DESC
[11-Jun-2026 03:08:14 UTC] [TEST] object_nodes SQL: SELECT * FROM object_nodes WHERE node_id = 'e865c6da3565f70a' AND deleted = 0 ORDER BY created_at DESC
[11-Jun-2026 03:08:14 UTC] [TEST] object_nodes SQL: SELECT * FROM object_nodes WHERE node_id = 'e865cd6ef403fe7c' AND deleted = 0 ORDER BY created_at DESC
[11-Jun-2026 03:08:14 UTC] [TEST] object_nodes SQL: SELECT * FROM object_nodes WHERE node_id = 'e866192f4182214c' AND deleted = 0 ORDER BY created_at DESC
[11-Jun-2026 03:10:06 UTC] [TEST] object_nodes SQL: SELECT * FROM object_nodes WHERE node_id = 'e865e2e4740a94ef' AND deleted = 0 ORDER BY created_at DESC
[11-Jun-2026 03:10:06 UTC] [TEST] object_nodes SQL: SELECT * FROM object_nodes WHERE node_id = 'e865c6da3565f70a' AND deleted = 0 ORDER BY created_at DESC
[11-Jun-2026 03:10:06 UTC] [TEST] object_nodes SQL: SELECT * FROM object_nodes WHERE node_id = 'e865cd6ef403fe7c' AND deleted = 0 ORDER BY created_at DESC
[11-Jun-2026 03:10:06 UTC] [TEST] object_nodes SQL: SELECT * FROM object_nodes WHERE node_id = 'e866192f4182214c' AND deleted = 0 ORDER BY created_at DESC
[11-Jun-2026 03:12:25 UTC] [TEST] object_nodes SQL: SELECT * FROM object_nodes WHERE node_id = 'e865e2e4740a94ef' AND deleted = 0 ORDER BY created_at DESC
[11-Jun-2026 03:12:25 UTC] [TEST] object_nodes SQL: SELECT * FROM object_nodes WHERE node_id = 'e865c6da3565f70a' AND deleted = 0 ORDER BY created_at DESC
[11-Jun-2026 03:12:25 UTC] [TEST] object_nodes SQL: SELECT * FROM object_nodes WHERE node_id = 'e865cd6ef403fe7c' AND deleted = 0 ORDER BY created_at DESC
[11-Jun-2026 03:12:25 UTC] [TEST] object_nodes SQL: SELECT * FROM object_nodes WHERE node_id = 'e866192f4182214c' AND deleted = 0 ORDER BY created_at DESC
[11-Jun-2026 03:13:06 UTC] [TEST] object_nodes SQL: SELECT * FROM object_nodes WHERE node_id = 'e865e2e4740a94ef' AND deleted = 0 ORDER BY created_at DESC
[11-Jun-2026 03:13:06 UTC] [TEST] object_nodes SQL: SELECT * FROM object_nodes WHERE node_id = 'e865c6da3565f70a' AND deleted = 0 ORDER BY created_at DESC
[11-Jun-2026 03:13:06 UTC] [TEST] object_nodes SQL: SELECT * FROM object_nodes WHERE node_id = 'e865cd6ef403fe7c' AND deleted = 0 ORDER BY created_at DESC
[11-Jun-2026 03:13:06 UTC] [TEST] object_nodes SQL: SELECT * FROM object_nodes WHERE node_id = 'e866192f4182214c' AND deleted = 0 ORDER BY created_at DESC
[11-Jun-2026 03:14:49 UTC] [TEST] object_nodes SQL: SELECT * FROM object_nodes WHERE node_id = 'e865e2e4740a94ef' AND deleted = 0 ORDER BY created_at DESC
[11-Jun-2026 03:14:49 UTC] [TEST] object_nodes SQL: SELECT * FROM object_nodes WHERE node_id = 'e865c6da3565f70a' AND deleted = 0 ORDER BY created_at DESC
[11-Jun-2026 03:14:49 UTC] [TEST] object_nodes SQL: SELECT * FROM object_nodes WHERE node_id = 'e865cd6ef403fe7c' AND deleted = 0 ORDER BY created_at DESC
[11-Jun-2026 03:14:49 UTC] [TEST] object_nodes SQL: SELECT * FROM object_nodes WHERE node_id = 'e866192f4182214c' AND deleted = 0 ORDER BY created_at DESC
[11-Jun-2026 03:17:49 UTC] [TEST] object_nodes SQL: SELECT * FROM object_nodes WHERE node_id = 'e865e2e4740a94ef' AND deleted = 0 ORDER BY created_at DESC
[11-Jun-2026 03:17:49 UTC] [TEST] object_nodes SQL: SELECT * FROM object_nodes WHERE node_id = 'e865c6da3565f70a' AND deleted = 0 ORDER BY created_at DESC
[11-Jun-2026 03:17:49 UTC] [TEST] object_nodes SQL: SELECT * FROM object_nodes WHERE node_id = 'e865cd6ef403fe7c' AND deleted = 0 ORDER BY created_at DESC
[11-Jun-2026 03:17:49 UTC] [TEST] object_nodes SQL: SELECT * FROM object_nodes WHERE node_id = 'e866192f4182214c' AND deleted = 0 ORDER BY created_at DESC
[11-Jun-2026 03:21:28 UTC] [TEST] object_nodes SQL: SELECT * FROM object_nodes WHERE node_id = 'e865e2e4740a94ef' AND deleted = 0 ORDER BY created_at DESC
[11-Jun-2026 03:21:28 UTC] [TEST] object_nodes SQL: SELECT * FROM object_nodes WHERE node_id = 'e865c6da3565f70a' AND deleted = 0 ORDER BY created_at DESC
[11-Jun-2026 03:21:28 UTC] [TEST] object_nodes SQL: SELECT * FROM object_nodes WHERE node_id = 'e865cd6ef403fe7c' AND deleted = 0 ORDER BY created_at DESC
[11-Jun-2026 03:21:28 UTC] [TEST] object_nodes SQL: SELECT * FROM object_nodes WHERE node_id = 'e866192f4182214c' AND deleted = 0 ORDER BY created_at DESC
[11-Jun-2026 03:22:26 UTC] [TEST] object_nodes SQL: SELECT * FROM object_nodes WHERE node_id = 'e865e2e4740a94ef' AND deleted = 0 ORDER BY created_at DESC
[11-Jun-2026 03:22:26 UTC] [TEST] object_nodes SQL: SELECT * FROM object_nodes WHERE node_id = 'e865c6da3565f70a' AND deleted = 0 ORDER BY created_at DESC
[11-Jun-2026 03:22:26 UTC] [TEST] object_nodes SQL: SELECT * FROM object_nodes WHERE node_id = 'e865cd6ef403fe7c' AND deleted = 0 ORDER BY created_at DESC
[11-Jun-2026 03:22:26 UTC] [TEST] object_nodes SQL: SELECT * FROM object_nodes WHERE node_id = 'e866192f4182214c' AND deleted = 0 ORDER BY created_at DESC
[11-Jun-2026 03:22:36 UTC] [TEST] object_nodes SQL: SELECT * FROM object_nodes WHERE node_id = 'e865e2e4740a94ef' AND deleted = 0 ORDER BY created_at DESC
[11-Jun-2026 03:22:36 UTC] [TEST] object_nodes SQL: SELECT * FROM object_nodes WHERE node_id = 'e865c6da3565f70a' AND deleted = 0 ORDER BY created_at DESC
[11-Jun-2026 03:22:36 UTC] [TEST] object_nodes SQL: SELECT * FROM object_nodes WHERE node_id = 'e865cd6ef403fe7c' AND deleted = 0 ORDER BY created_at DESC
[11-Jun-2026 03:22:36 UTC] [TEST] object_nodes SQL: SELECT * FROM object_nodes WHERE node_id = 'e866192f4182214c' AND deleted = 0 ORDER BY created_at DESC
[11-Jun-2026 03:23:01 UTC] [TEST] object_nodes SQL: SELECT * FROM object_nodes WHERE node_id = 'e865e2e4740a94ef' AND deleted = 0 ORDER BY created_at DESC
[11-Jun-2026 03:23:01 UTC] [TEST] object_nodes SQL: SELECT * FROM object_nodes WHERE node_id = 'e865c6da3565f70a' AND deleted = 0 ORDER BY created_at DESC
[11-Jun-2026 03:23:01 UTC] [TEST] object_nodes SQL: SELECT * FROM object_nodes WHERE node_id = 'e865cd6ef403fe7c' AND deleted = 0 ORDER BY created_at DESC
[11-Jun-2026 03:23:01 UTC] [TEST] object_nodes SQL: SELECT * FROM object_nodes WHERE node_id = 'e866192f4182214c' AND deleted = 0 ORDER BY created_at DESC
[11-Jun-2026 03:23:59 UTC] [TEST] object_nodes SQL: SELECT * FROM object_nodes WHERE node_id = 'e865e2e4740a94ef' AND deleted = 0 ORDER BY created_at DESC
[11-Jun-2026 03:23:59 UTC] [TEST] object_nodes SQL: SELECT * FROM object_nodes WHERE node_id = 'e865c6da3565f70a' AND deleted = 0 ORDER BY created_at DESC
[11-Jun-2026 03:23:59 UTC] [TEST] object_nodes SQL: SELECT * FROM object_nodes WHERE node_id = 'e865cd6ef403fe7c' AND deleted = 0 ORDER BY created_at DESC
[11-Jun-2026 03:23:59 UTC] [TEST] object_nodes SQL: SELECT * FROM object_nodes WHERE node_id = 'e866192f4182214c' AND deleted = 0 ORDER BY created_at DESC
[11-Jun-2026 03:25:15 UTC] [TEST] object_nodes SQL: SELECT * FROM object_nodes WHERE node_id = 'e865e2e4740a94ef' AND deleted = 0 ORDER BY created_at DESC
[11-Jun-2026 03:25:15 UTC] [TEST] object_nodes SQL: SELECT * FROM object_nodes WHERE node_id = 'e865c6da3565f70a' AND deleted = 0 ORDER BY created_at DESC
[11-Jun-2026 03:25:15 UTC] [TEST] object_nodes SQL: SELECT * FROM object_nodes WHERE node_id = 'e865cd6ef403fe7c' AND deleted = 0 ORDER BY created_at DESC
[11-Jun-2026 03:25:15 UTC] [TEST] object_nodes SQL: SELECT * FROM object_nodes WHERE node_id = 'e866192f4182214c' AND deleted = 0 ORDER BY created_at DESC
[11-Jun-2026 03:25:35 UTC] [TEST] object_nodes SQL: SELECT * FROM object_nodes WHERE node_id = 'e865e2e4740a94ef' AND deleted = 0 ORDER BY created_at DESC
[11-Jun-2026 03:25:35 UTC] [TEST] object_nodes SQL: SELECT * FROM object_nodes WHERE node_id = 'e865c6da3565f70a' AND deleted = 0 ORDER BY created_at DESC
[11-Jun-2026 03:25:35 UTC] [TEST] object_nodes SQL: SELECT * FROM object_nodes WHERE node_id = 'e865cd6ef403fe7c' AND deleted = 0 ORDER BY created_at DESC
[11-Jun-2026 03:25:35 UTC] [TEST] object_nodes SQL: SELECT * FROM object_nodes WHERE node_id = 'e866192f4182214c' AND deleted = 0 ORDER BY created_at DESC
[11-Jun-2026 03:45:01 UTC] [TEST] object_nodes SQL: SELECT * FROM object_nodes WHERE node_id = 'e865e2e4740a94ef' AND deleted = 0 ORDER BY created_at DESC
[11-Jun-2026 03:45:01 UTC] [TEST] object_nodes SQL: SELECT * FROM object_nodes WHERE node_id = 'e865c6da3565f70a' AND deleted = 0 ORDER BY created_at DESC
[11-Jun-2026 03:45:01 UTC] [TEST] object_nodes SQL: SELECT * FROM object_nodes WHERE node_id = 'e865cd6ef403fe7c' AND deleted = 0 ORDER BY created_at DESC
[11-Jun-2026 03:45:01 UTC] [TEST] object_nodes SQL: SELECT * FROM object_nodes WHERE node_id = 'e866192f4182214c' AND deleted = 0 ORDER BY created_at DESC
[11-Jun-2026 03:49:05 UTC] [TEST] object_nodes SQL: SELECT * FROM object_nodes WHERE node_id = 'e865e2e4740a94ef' AND deleted = 0 ORDER BY created_at DESC
[11-Jun-2026 03:49:05 UTC] [TEST] object_nodes SQL: SELECT * FROM object_nodes WHERE node_id = 'e865c6da3565f70a' AND deleted = 0 ORDER BY created_at DESC
[11-Jun-2026 03:49:05 UTC] [TEST] object_nodes SQL: SELECT * FROM object_nodes WHERE node_id = 'e865cd6ef403fe7c' AND deleted = 0 ORDER BY created_at DESC
[11-Jun-2026 03:49:05 UTC] [TEST] object_nodes SQL: SELECT * FROM object_nodes WHERE node_id = 'e866192f4182214c' AND deleted = 0 ORDER BY created_at DESC
[11-Jun-2026 07:13:33 UTC] [TEST] object_nodes SQL: SELECT * FROM object_nodes WHERE node_id = 'e865e2e4740a94ef' AND deleted = 0 ORDER BY created_at DESC
[11-Jun-2026 07:13:33 UTC] [TEST] object_nodes SQL: SELECT * FROM object_nodes WHERE node_id = 'e865c6da3565f70a' AND deleted = 0 ORDER BY created_at DESC
[11-Jun-2026 07:13:33 UTC] [TEST] object_nodes SQL: SELECT * FROM object_nodes WHERE node_id = 'e865cd6ef403fe7c' AND deleted = 0 ORDER BY created_at DESC
[11-Jun-2026 07:13:33 UTC] [TEST] object_nodes SQL: SELECT * FROM object_nodes WHERE node_id = 'e866192f4182214c' AND deleted = 0 ORDER BY created_at DESC
[11-Jun-2026 07:13:52 UTC] [TEST] object_nodes SQL: SELECT * FROM object_nodes WHERE node_id = 'e865e2e4740a94ef' AND deleted = 0 ORDER BY created_at DESC
[11-Jun-2026 07:13:52 UTC] [TEST] object_nodes SQL: SELECT * FROM object_nodes WHERE node_id = 'e865c6da3565f70a' AND deleted = 0 ORDER BY created_at DESC
[11-Jun-2026 07:13:52 UTC] [TEST] object_nodes SQL: SELECT * FROM object_nodes WHERE node_id = 'e865cd6ef403fe7c' AND deleted = 0 ORDER BY created_at DESC
[11-Jun-2026 07:13:52 UTC] [TEST] object_nodes SQL: SELECT * FROM object_nodes WHERE node_id = 'e866192f4182214c' AND deleted = 0 ORDER BY created_at DESC
[11-Jun-2026 07:13:57 UTC] [TEST] object_nodes SQL: SELECT * FROM object_nodes WHERE node_id = 'e865e2e4740a94ef' AND deleted = 0 ORDER BY created_at DESC
[11-Jun-2026 07:13:57 UTC] [TEST] object_nodes SQL: SELECT * FROM object_nodes WHERE node_id = 'e865c6da3565f70a' AND deleted = 0 ORDER BY created_at DESC
[11-Jun-2026 07:13:57 UTC] [TEST] object_nodes SQL: SELECT * FROM object_nodes WHERE node_id = 'e865cd6ef403fe7c' AND deleted = 0 ORDER BY created_at DESC
[11-Jun-2026 07:13:57 UTC] [TEST] object_nodes SQL: SELECT * FROM object_nodes WHERE node_id = 'e866192f4182214c' AND deleted = 0 ORDER BY created_at DESC
[11-Jun-2026 07:14:16 UTC] [TEST] object_nodes SQL: SELECT * FROM object_nodes WHERE node_id = 'e865e2e4740a94ef' AND deleted = 0 ORDER BY created_at DESC
[11-Jun-2026 07:14:16 UTC] [TEST] object_nodes SQL: SELECT * FROM object_nodes WHERE node_id = 'e865c6da3565f70a' AND deleted = 0 ORDER BY created_at DESC
[11-Jun-2026 07:14:16 UTC] [TEST] object_nodes SQL: SELECT * FROM object_nodes WHERE node_id = 'e865cd6ef403fe7c' AND deleted = 0 ORDER BY created_at DESC
[11-Jun-2026 07:14:16 UTC] [TEST] object_nodes SQL: SELECT * FROM object_nodes WHERE node_id = 'e866192f4182214c' AND deleted = 0 ORDER BY created_at DESC
[11-Jun-2026 07:15:56 UTC] [TEST] object_nodes SQL: SELECT * FROM object_nodes WHERE node_id = 'e865e2e4740a94ef' AND deleted = 0 ORDER BY created_at DESC
[11-Jun-2026 07:15:56 UTC] [TEST] object_nodes SQL: SELECT * FROM object_nodes WHERE node_id = 'e865c6da3565f70a' AND deleted = 0 ORDER BY created_at DESC
[11-Jun-2026 07:15:56 UTC] [TEST] object_nodes SQL: SELECT * FROM object_nodes WHERE node_id = 'e865cd6ef403fe7c' AND deleted = 0 ORDER BY created_at DESC
[11-Jun-2026 07:15:56 UTC] [TEST] object_nodes SQL: SELECT * FROM object_nodes WHERE node_id = 'e866192f4182214c' AND deleted = 0 ORDER BY created_at DESC
[11-Jun-2026 07:16:13 UTC] [TEST] object_nodes SQL: SELECT * FROM object_nodes WHERE node_id = 'e865e2e4740a94ef' AND deleted = 0 ORDER BY created_at DESC
[11-Jun-2026 07:16:13 UTC] [TEST] object_nodes SQL: SELECT * FROM object_nodes WHERE node_id = 'e865c6da3565f70a' AND deleted = 0 ORDER BY created_at DESC
[11-Jun-2026 07:16:13 UTC] [TEST] object_nodes SQL: SELECT * FROM object_nodes WHERE node_id = 'e865cd6ef403fe7c' AND deleted = 0 ORDER BY created_at DESC
[11-Jun-2026 07:16:13 UTC] [TEST] object_nodes SQL: SELECT * FROM object_nodes WHERE node_id = 'e866192f4182214c' AND deleted = 0 ORDER BY created_at DESC
[11-Jun-2026 07:22:19 UTC] [TEST] object_nodes SQL: SELECT * FROM object_nodes WHERE node_id = 'e865e2e4740a94ef' AND deleted = 0 ORDER BY created_at DESC
[11-Jun-2026 07:22:19 UTC] [TEST] object_nodes SQL: SELECT * FROM object_nodes WHERE node_id = 'e865c6da3565f70a' AND deleted = 0 ORDER BY created_at DESC
[11-Jun-2026 07:22:19 UTC] [TEST] object_nodes SQL: SELECT * FROM object_nodes WHERE node_id = 'e865cd6ef403fe7c' AND deleted = 0 ORDER BY created_at DESC
[11-Jun-2026 07:22:19 UTC] [TEST] object_nodes SQL: SELECT * FROM object_nodes WHERE node_id = 'e866192f4182214c' AND deleted = 0 ORDER BY created_at DESC
[11-Jun-2026 07:22:39 UTC] [TEST] object_nodes SQL: SELECT * FROM object_nodes WHERE node_id = 'e865e2e4740a94ef' AND deleted = 0 ORDER BY created_at DESC
[11-Jun-2026 07:22:39 UTC] [TEST] object_nodes SQL: SELECT * FROM object_nodes WHERE node_id = 'e865c6da3565f70a' AND deleted = 0 ORDER BY created_at DESC
[11-Jun-2026 07:22:39 UTC] [TEST] object_nodes SQL: SELECT * FROM object_nodes WHERE node_id = 'e865cd6ef403fe7c' AND deleted = 0 ORDER BY created_at DESC
[11-Jun-2026 07:22:39 UTC] [TEST] object_nodes SQL: SELECT * FROM object_nodes WHERE node_id = 'e866192f4182214c' AND deleted = 0 ORDER BY created_at DESC
[11-Jun-2026 07:22:57 UTC] [TEST] object_nodes SQL: SELECT * FROM object_nodes WHERE node_id = 'e865e2e4740a94ef' AND deleted = 0 ORDER BY created_at DESC
[11-Jun-2026 07:22:57 UTC] [TEST] object_nodes SQL: SELECT * FROM object_nodes WHERE node_id = 'e865c6da3565f70a' AND deleted = 0 ORDER BY created_at DESC
[11-Jun-2026 07:22:57 UTC] [TEST] object_nodes SQL: SELECT * FROM object_nodes WHERE node_id = 'e865cd6ef403fe7c' AND deleted = 0 ORDER BY created_at DESC
[11-Jun-2026 07:22:57 UTC] [TEST] object_nodes SQL: SELECT * FROM object_nodes WHERE node_id = 'e866192f4182214c' AND deleted = 0 ORDER BY created_at DESC
[11-Jun-2026 07:23:33 UTC] [TEST] object_nodes SQL: SELECT * FROM object_nodes WHERE node_id = 'e865e2e4740a94ef' AND deleted = 0 ORDER BY created_at DESC
[11-Jun-2026 07:23:33 UTC] [TEST] object_nodes SQL: SELECT * FROM object_nodes WHERE node_id = 'e865c6da3565f70a' AND deleted = 0 ORDER BY created_at DESC
[11-Jun-2026 07:23:33 UTC] [TEST] object_nodes SQL: SELECT * FROM object_nodes WHERE node_id = 'e865cd6ef403fe7c' AND deleted = 0 ORDER BY created_at DESC
[11-Jun-2026 07:23:33 UTC] [TEST] object_nodes SQL: SELECT * FROM object_nodes WHERE node_id = 'e866192f4182214c' AND deleted = 0 ORDER BY created_at DESC
[11-Jun-2026 07:23:39 UTC] [TEST] object_nodes SQL: SELECT * FROM object_nodes WHERE node_id = 'e865e2e4740a94ef' AND deleted = 0 ORDER BY created_at DESC
[11-Jun-2026 07:23:39 UTC] [TEST] object_nodes SQL: SELECT * FROM object_nodes WHERE node_id = 'e865c6da3565f70a' AND deleted = 0 ORDER BY created_at DESC
[11-Jun-2026 07:23:39 UTC] [TEST] object_nodes SQL: SELECT * FROM object_nodes WHERE node_id = 'e865cd6ef403fe7c' AND deleted = 0 ORDER BY created_at DESC
[11-Jun-2026 07:23:39 UTC] [TEST] object_nodes SQL: SELECT * FROM object_nodes WHERE node_id = 'e866192f4182214c' AND deleted = 0 ORDER BY created_at DESC
[11-Jun-2026 07:26:17 UTC] [TEST] object_nodes SQL: SELECT * FROM object_nodes WHERE node_id = 'e865e2e4740a94ef' AND deleted = 0 ORDER BY created_at DESC
[11-Jun-2026 07:26:17 UTC] [TEST] object_nodes SQL: SELECT * FROM object_nodes WHERE node_id = 'e865c6da3565f70a' AND deleted = 0 ORDER BY created_at DESC
[11-Jun-2026 07:26:17 UTC] [TEST] object_nodes SQL: SELECT * FROM object_nodes WHERE node_id = 'e865cd6ef403fe7c' AND deleted = 0 ORDER BY created_at DESC
[11-Jun-2026 07:26:17 UTC] [TEST] object_nodes SQL: SELECT * FROM object_nodes WHERE node_id = 'e866192f4182214c' AND deleted = 0 ORDER BY created_at DESC
[11-Jun-2026 07:28:54 UTC] [TEST] object_nodes SQL: SELECT * FROM object_nodes WHERE node_id = 'e865e2e4740a94ef' AND deleted = 0 ORDER BY created_at DESC
[11-Jun-2026 07:28:54 UTC] [TEST] object_nodes SQL: SELECT * FROM object_nodes WHERE node_id = 'e865c6da3565f70a' AND deleted = 0 ORDER BY created_at DESC
[11-Jun-2026 07:28:54 UTC] [TEST] object_nodes SQL: SELECT * FROM object_nodes WHERE node_id = 'e865cd6ef403fe7c' AND deleted = 0 ORDER BY created_at DESC
[11-Jun-2026 07:28:54 UTC] [TEST] object_nodes SQL: SELECT * FROM object_nodes WHERE node_id = 'e866192f4182214c' AND deleted = 0 ORDER BY created_at DESC
[11-Jun-2026 07:29:06 UTC] [TEST] object_nodes SQL: SELECT * FROM object_nodes WHERE node_id = 'e865e2e4740a94ef' AND deleted = 0 ORDER BY created_at DESC
[11-Jun-2026 07:29:06 UTC] [TEST] object_nodes SQL: SELECT * FROM object_nodes WHERE node_id = 'e865c6da3565f70a' AND deleted = 0 ORDER BY created_at DESC
[11-Jun-2026 07:29:06 UTC] [TEST] object_nodes SQL: SELECT * FROM object_nodes WHERE node_id = 'e865cd6ef403fe7c' AND deleted = 0 ORDER BY created_at DESC
[11-Jun-2026 07:29:06 UTC] [TEST] object_nodes SQL: SELECT * FROM object_nodes WHERE node_id = 'e866192f4182214c' AND deleted = 0 ORDER BY created_at DESC
[11-Jun-2026 07:39:30 UTC] [TEST] object_nodes SQL: SELECT * FROM object_nodes WHERE node_id = 'e865e2e4740a94ef' AND deleted = 0 ORDER BY created_at DESC
[11-Jun-2026 07:39:30 UTC] [TEST] object_nodes SQL: SELECT * FROM object_nodes WHERE node_id = 'e865c6da3565f70a' AND deleted = 0 ORDER BY created_at DESC
[11-Jun-2026 07:39:30 UTC] [TEST] object_nodes SQL: SELECT * FROM object_nodes WHERE node_id = 'e865cd6ef403fe7c' AND deleted = 0 ORDER BY created_at DESC
[11-Jun-2026 07:39:30 UTC] [TEST] object_nodes SQL: SELECT * FROM object_nodes WHERE node_id = 'e866192f4182214c' AND deleted = 0 ORDER BY created_at DESC
[11-Jun-2026 07:40:43 UTC] [TEST] object_nodes SQL: SELECT * FROM object_nodes WHERE node_id = 'e865e2e4740a94ef' AND deleted = 0 ORDER BY created_at DESC
[11-Jun-2026 07:40:43 UTC] [TEST] object_nodes SQL: SELECT * FROM object_nodes WHERE node_id = 'e865c6da3565f70a' AND deleted = 0 ORDER BY created_at DESC
[11-Jun-2026 07:40:43 UTC] [TEST] object_nodes SQL: SELECT * FROM object_nodes WHERE node_id = 'e865cd6ef403fe7c' AND deleted = 0 ORDER BY created_at DESC
[11-Jun-2026 07:40:43 UTC] [TEST] object_nodes SQL: SELECT * FROM object_nodes WHERE node_id = 'e866192f4182214c' AND deleted = 0 ORDER BY created_at DESC
[11-Jun-2026 07:48:50 UTC] [TEST] object_nodes SQL: SELECT * FROM object_nodes WHERE node_id = 'e865e2e4740a94ef' AND deleted = 0 ORDER BY created_at DESC
[11-Jun-2026 07:48:50 UTC] [TEST] object_nodes SQL: SELECT * FROM object_nodes WHERE node_id = 'e865c6da3565f70a' AND deleted = 0 ORDER BY created_at DESC
[11-Jun-2026 07:48:50 UTC] [TEST] object_nodes SQL: SELECT * FROM object_nodes WHERE node_id = 'e865cd6ef403fe7c' AND deleted = 0 ORDER BY created_at DESC
[11-Jun-2026 07:48:50 UTC] [TEST] object_nodes SQL: SELECT * FROM object_nodes WHERE node_id = 'e866192f4182214c' AND deleted = 0 ORDER BY created_at DESC
[11-Jun-2026 07:49:58 UTC] [TEST] object_nodes SQL: SELECT * FROM object_nodes WHERE node_id = 'e865e2e4740a94ef' AND deleted = 0 ORDER BY created_at DESC
[11-Jun-2026 07:49:58 UTC] [TEST] object_nodes SQL: SELECT * FROM object_nodes WHERE node_id = 'e865c6da3565f70a' AND deleted = 0 ORDER BY created_at DESC
[11-Jun-2026 07:49:58 UTC] [TEST] object_nodes SQL: SELECT * FROM object_nodes WHERE node_id = 'e865cd6ef403fe7c' AND deleted = 0 ORDER BY created_at DESC
[11-Jun-2026 07:49:58 UTC] [TEST] object_nodes SQL: SELECT * FROM object_nodes WHERE node_id = 'e866192f4182214c' AND deleted = 0 ORDER BY created_at DESC
[11-Jun-2026 07:51:56 UTC] [TEST] object_nodes SQL: SELECT * FROM object_nodes WHERE node_id = 'e865e2e4740a94ef' AND deleted = 0 ORDER BY created_at DESC
[11-Jun-2026 07:51:56 UTC] [TEST] object_nodes SQL: SELECT * FROM object_nodes WHERE node_id = 'e865c6da3565f70a' AND deleted = 0 ORDER BY created_at DESC
[11-Jun-2026 07:51:56 UTC] [TEST] object_nodes SQL: SELECT * FROM object_nodes WHERE node_id = 'e865cd6ef403fe7c' AND deleted = 0 ORDER BY created_at DESC
[11-Jun-2026 07:51:56 UTC] [TEST] object_nodes SQL: SELECT * FROM object_nodes WHERE node_id = 'e866192f4182214c' AND deleted = 0 ORDER BY created_at DESC
[11-Jun-2026 08:01:38 UTC] [TEST] object_nodes SQL: SELECT * FROM object_nodes WHERE node_id = 'e865e2e4740a94ef' AND deleted = 0 ORDER BY created_at DESC
[11-Jun-2026 08:01:38 UTC] [TEST] object_nodes SQL: SELECT * FROM object_nodes WHERE node_id = 'e865c6da3565f70a' AND deleted = 0 ORDER BY created_at DESC
[11-Jun-2026 08:01:38 UTC] [TEST] object_nodes SQL: SELECT * FROM object_nodes WHERE node_id = 'e865cd6ef403fe7c' AND deleted = 0 ORDER BY created_at DESC
[11-Jun-2026 08:01:38 UTC] [TEST] object_nodes SQL: SELECT * FROM object_nodes WHERE node_id = 'e866192f4182214c' AND deleted = 0 ORDER BY created_at DESC
[11-Jun-2026 08:12:35 UTC] [TEST] object_nodes SQL: SELECT * FROM object_nodes WHERE node_id = 'e865e2e4740a94ef' AND deleted = 0 ORDER BY created_at DESC
[11-Jun-2026 08:12:35 UTC] [TEST] object_nodes SQL: SELECT * FROM object_nodes WHERE node_id = 'e865cd6ef403fe7c' AND deleted = 0 ORDER BY created_at DESC
[11-Jun-2026 08:12:35 UTC] [TEST] object_nodes SQL: SELECT * FROM object_nodes WHERE node_id = 'e865c6da3565f70a' AND deleted = 0 ORDER BY created_at DESC
[11-Jun-2026 08:12:35 UTC] [TEST] object_nodes SQL: SELECT * FROM object_nodes WHERE node_id = 'e866192f4182214c' AND deleted = 0 ORDER BY created_at DESC
[11-Jun-2026 08:16:31 UTC] [TEST] object_nodes SQL: SELECT * FROM object_nodes WHERE node_id = 'e865e2e4740a94ef' AND deleted = 0 ORDER BY created_at DESC
[11-Jun-2026 08:16:31 UTC] [TEST] object_nodes SQL: SELECT * FROM object_nodes WHERE node_id = 'e865c6da3565f70a' AND deleted = 0 ORDER BY created_at DESC
[11-Jun-2026 08:16:31 UTC] [TEST] object_nodes SQL: SELECT * FROM object_nodes WHERE node_id = 'e865cd6ef403fe7c' AND deleted = 0 ORDER BY created_at DESC
[11-Jun-2026 08:16:31 UTC] [TEST] object_nodes SQL: SELECT * FROM object_nodes WHERE node_id = 'e866192f4182214c' AND deleted = 0 ORDER BY created_at DESC
[11-Jun-2026 08:17:15 UTC] [TEST] object_nodes SQL: SELECT * FROM object_nodes WHERE node_id = 'e865e2e4740a94ef' AND deleted = 0 ORDER BY created_at DESC
[11-Jun-2026 08:17:15 UTC] [TEST] object_nodes SQL: SELECT * FROM object_nodes WHERE node_id = 'e865c6da3565f70a' AND deleted = 0 ORDER BY created_at DESC
[11-Jun-2026 08:17:15 UTC] [TEST] object_nodes SQL: SELECT * FROM object_nodes WHERE node_id = 'e865cd6ef403fe7c' AND deleted = 0 ORDER BY created_at DESC
[11-Jun-2026 08:17:15 UTC] [TEST] object_nodes SQL: SELECT * FROM object_nodes WHERE node_id = 'e866192f4182214c' AND deleted = 0 ORDER BY created_at DESC
[11-Jun-2026 08:18:47 UTC] [TEST] object_nodes SQL: SELECT * FROM object_nodes WHERE node_id = 'e865e2e4740a94ef' AND deleted = 0 ORDER BY created_at DESC
[11-Jun-2026 08:18:47 UTC] [TEST] object_nodes SQL: SELECT * FROM object_nodes WHERE node_id = 'e865c6da3565f70a' AND deleted = 0 ORDER BY created_at DESC
[11-Jun-2026 08:18:47 UTC] [TEST] object_nodes SQL: SELECT * FROM object_nodes WHERE node_id = 'e865cd6ef403fe7c' AND deleted = 0 ORDER BY created_at DESC
[11-Jun-2026 08:18:47 UTC] [TEST] object_nodes SQL: SELECT * FROM object_nodes WHERE node_id = 'e866192f4182214c' AND deleted = 0 ORDER BY created_at DESC
[11-Jun-2026 08:41:49 UTC] [TEST] object_nodes SQL: SELECT * FROM object_nodes WHERE node_id = 'e865c6da3565f70a' AND deleted = 0 ORDER BY created_at DESC
[11-Jun-2026 08:41:49 UTC] [TEST] object_nodes SQL: SELECT * FROM object_nodes WHERE node_id = 'e865e2e4740a94ef' AND deleted = 0 ORDER BY created_at DESC
[11-Jun-2026 08:41:49 UTC] [TEST] object_nodes SQL: SELECT * FROM object_nodes WHERE node_id = 'e865cd6ef403fe7c' AND deleted = 0 ORDER BY created_at DESC
[11-Jun-2026 08:41:49 UTC] [TEST] object_nodes SQL: SELECT * FROM object_nodes WHERE node_id = 'e866192f4182214c' AND deleted = 0 ORDER BY created_at DESC
[11-Jun-2026 08:45:52 UTC] [TEST] object_nodes SQL: SELECT * FROM object_nodes WHERE node_id = 'e865e2e4740a94ef' AND deleted = 0 ORDER BY created_at DESC
[11-Jun-2026 08:45:52 UTC] [TEST] object_nodes SQL: SELECT * FROM object_nodes WHERE node_id = 'e865c6da3565f70a' AND deleted = 0 ORDER BY created_at DESC
[11-Jun-2026 08:45:52 UTC] [TEST] object_nodes SQL: SELECT * FROM object_nodes WHERE node_id = 'e865cd6ef403fe7c' AND deleted = 0 ORDER BY created_at DESC
[11-Jun-2026 08:45:52 UTC] [TEST] object_nodes SQL: SELECT * FROM object_nodes WHERE node_id = 'e866192f4182214c' AND deleted = 0 ORDER BY created_at DESC
[11-Jun-2026 08:46:02 UTC] [TEST] object_nodes SQL: SELECT * FROM object_nodes WHERE node_id = 'e865e2e4740a94ef' AND deleted = 0 ORDER BY created_at DESC
[11-Jun-2026 08:46:02 UTC] [TEST] object_nodes SQL: SELECT * FROM object_nodes WHERE node_id = 'e865c6da3565f70a' AND deleted = 0 ORDER BY created_at DESC
[11-Jun-2026 08:46:02 UTC] [TEST] object_nodes SQL: SELECT * FROM object_nodes WHERE node_id = 'e865cd6ef403fe7c' AND deleted = 0 ORDER BY created_at DESC
[11-Jun-2026 08:46:02 UTC] [TEST] object_nodes SQL: SELECT * FROM object_nodes WHERE node_id = 'e866192f4182214c' AND deleted = 0 ORDER BY created_at DESC
[11-Jun-2026 08:49:03 UTC] [TEST] object_nodes SQL: SELECT * FROM object_nodes WHERE node_id = 'e865e2e4740a94ef' AND deleted = 0 ORDER BY created_at DESC
[11-Jun-2026 08:49:03 UTC] [TEST] object_nodes SQL: SELECT * FROM object_nodes WHERE node_id = 'e865c6da3565f70a' AND deleted = 0 ORDER BY created_at DESC
[11-Jun-2026 08:49:03 UTC] [TEST] object_nodes SQL: SELECT * FROM object_nodes WHERE node_id = 'e865cd6ef403fe7c' AND deleted = 0 ORDER BY created_at DESC
[11-Jun-2026 08:49:03 UTC] [TEST] object_nodes SQL: SELECT * FROM object_nodes WHERE node_id = 'e866192f4182214c' AND deleted = 0 ORDER BY created_at DESC
[11-Jun-2026 08:52:29 UTC] [TEST] object_nodes SQL: SELECT * FROM object_nodes WHERE node_id = 'e865e2e4740a94ef' AND deleted = 0 ORDER BY created_at DESC
[11-Jun-2026 08:52:29 UTC] [TEST] object_nodes SQL: SELECT * FROM object_nodes WHERE node_id = 'e865c6da3565f70a' AND deleted = 0 ORDER BY created_at DESC
[11-Jun-2026 08:52:29 UTC] [TEST] object_nodes SQL: SELECT * FROM object_nodes WHERE node_id = 'e865cd6ef403fe7c' AND deleted = 0 ORDER BY created_at DESC
[11-Jun-2026 08:52:29 UTC] [TEST] object_nodes SQL: SELECT * FROM object_nodes WHERE node_id = 'e866192f4182214c' AND deleted = 0 ORDER BY created_at DESC
[11-Jun-2026 22:05:32 UTC] [TEST] object_nodes SQL: SELECT * FROM object_nodes WHERE node_id = 'e865e2e4740a94ef' AND deleted = 0 ORDER BY created_at DESC
[11-Jun-2026 22:05:32 UTC] [TEST] object_nodes SQL: SELECT * FROM object_nodes WHERE node_id = 'e865c6da3565f70a' AND deleted = 0 ORDER BY created_at DESC
[11-Jun-2026 22:05:32 UTC] [TEST] object_nodes SQL: SELECT * FROM object_nodes WHERE node_id = 'e865cd6ef403fe7c' AND deleted = 0 ORDER BY created_at DESC
[11-Jun-2026 22:05:32 UTC] [TEST] object_nodes SQL: SELECT * FROM object_nodes WHERE node_id = 'e866192f4182214c' AND deleted = 0 ORDER BY created_at DESC
[11-Jun-2026 22:05:42 UTC] [TEST] object_nodes SQL: SELECT * FROM object_nodes WHERE node_id = 'e865e2e4740a94ef' AND deleted = 0 ORDER BY created_at DESC
[11-Jun-2026 22:05:42 UTC] [TEST] object_nodes SQL: SELECT * FROM object_nodes WHERE node_id = 'e865c6da3565f70a' AND deleted = 0 ORDER BY created_at DESC
[11-Jun-2026 22:05:42 UTC] [TEST] object_nodes SQL: SELECT * FROM object_nodes WHERE node_id = 'e865cd6ef403fe7c' AND deleted = 0 ORDER BY created_at DESC
[11-Jun-2026 22:05:42 UTC] [TEST] object_nodes SQL: SELECT * FROM object_nodes WHERE node_id = 'e866192f4182214c' AND deleted = 0 ORDER BY created_at DESC
[11-Jun-2026 22:05:52 UTC] [TEST] object_nodes SQL: SELECT * FROM object_nodes WHERE node_id = 'e865e2e4740a94ef' AND deleted = 0 ORDER BY created_at DESC
[11-Jun-2026 22:05:52 UTC] [TEST] object_nodes SQL: SELECT * FROM object_nodes WHERE node_id = 'e865c6da3565f70a' AND deleted = 0 ORDER BY created_at DESC
[11-Jun-2026 22:05:52 UTC] [TEST] object_nodes SQL: SELECT * FROM object_nodes WHERE node_id = 'e865cd6ef403fe7c' AND deleted = 0 ORDER BY created_at DESC
[11-Jun-2026 22:05:52 UTC] [TEST] object_nodes SQL: SELECT * FROM object_nodes WHERE node_id = 'e866192f4182214c' AND deleted = 0 ORDER BY created_at DESC
[11-Jun-2026 22:12:04 UTC] [TEST] object_nodes SQL: SELECT * FROM object_nodes WHERE node_id = 'e865e2e4740a94ef' AND deleted = 0 ORDER BY created_at DESC
[11-Jun-2026 22:12:04 UTC] [TEST] object_nodes SQL: SELECT * FROM object_nodes WHERE node_id = 'e865c6da3565f70a' AND deleted = 0 ORDER BY created_at DESC
[11-Jun-2026 22:12:04 UTC] [TEST] object_nodes SQL: SELECT * FROM object_nodes WHERE node_id = 'e865cd6ef403fe7c' AND deleted = 0 ORDER BY created_at DESC
[11-Jun-2026 22:12:04 UTC] [TEST] object_nodes SQL: SELECT * FROM object_nodes WHERE node_id = 'e866192f4182214c' AND deleted = 0 ORDER BY created_at DESC
[11-Jun-2026 22:18:52 UTC] [TEST] object_nodes SQL: SELECT * FROM object_nodes WHERE node_id = 'e865e2e4740a94ef' AND deleted = 0 ORDER BY created_at DESC
[11-Jun-2026 22:18:52 UTC] [TEST] object_nodes SQL: SELECT * FROM object_nodes WHERE node_id = 'e865c6da3565f70a' AND deleted = 0 ORDER BY created_at DESC
[11-Jun-2026 22:18:52 UTC] [TEST] object_nodes SQL: SELECT * FROM object_nodes WHERE node_id = 'e865cd6ef403fe7c' AND deleted = 0 ORDER BY created_at DESC
[11-Jun-2026 22:18:52 UTC] [TEST] object_nodes SQL: SELECT * FROM object_nodes WHERE node_id = 'e866192f4182214c' AND deleted = 0 ORDER BY created_at DESC
[11-Jun-2026 22:22:30 UTC] [TEST] object_nodes SQL: SELECT * FROM object_nodes WHERE node_id = 'e865e2e4740a94ef' AND deleted = 0 ORDER BY created_at DESC
[11-Jun-2026 22:22:30 UTC] [TEST] object_nodes SQL: SELECT * FROM object_nodes WHERE node_id = 'e865c6da3565f70a' AND deleted = 0 ORDER BY created_at DESC
[11-Jun-2026 22:22:30 UTC] [TEST] object_nodes SQL: SELECT * FROM object_nodes WHERE node_id = 'e865cd6ef403fe7c' AND deleted = 0 ORDER BY created_at DESC
[11-Jun-2026 22:22:30 UTC] [TEST] object_nodes SQL: SELECT * FROM object_nodes WHERE node_id = 'e866192f4182214c' AND deleted = 0 ORDER BY created_at DESC
[11-Jun-2026 22:27:38 UTC] [TEST] object_nodes SQL: SELECT * FROM object_nodes WHERE node_id = 'e865e2e4740a94ef' AND deleted = 0 ORDER BY created_at DESC
[11-Jun-2026 22:27:38 UTC] [TEST] object_nodes SQL: SELECT * FROM object_nodes WHERE node_id = 'e865c6da3565f70a' AND deleted = 0 ORDER BY created_at DESC
[11-Jun-2026 22:27:38 UTC] [TEST] object_nodes SQL: SELECT * FROM object_nodes WHERE node_id = 'e865cd6ef403fe7c' AND deleted = 0 ORDER BY created_at DESC
[11-Jun-2026 22:27:38 UTC] [TEST] object_nodes SQL: SELECT * FROM object_nodes WHERE node_id = 'e866192f4182214c' AND deleted = 0 ORDER BY created_at DESC
[11-Jun-2026 22:31:58 UTC] [TEST] object_nodes SQL: SELECT * FROM object_nodes WHERE node_id = 'e865e2e4740a94ef' AND deleted = 0 ORDER BY created_at DESC
[11-Jun-2026 22:31:58 UTC] [TEST] object_nodes SQL: SELECT * FROM object_nodes WHERE node_id = 'e865c6da3565f70a' AND deleted = 0 ORDER BY created_at DESC
[11-Jun-2026 22:31:58 UTC] [TEST] object_nodes SQL: SELECT * FROM object_nodes WHERE node_id = 'e865cd6ef403fe7c' AND deleted = 0 ORDER BY created_at DESC
[11-Jun-2026 22:31:58 UTC] [TEST] object_nodes SQL: SELECT * FROM object_nodes WHERE node_id = 'e866192f4182214c' AND deleted = 0 ORDER BY created_at DESC
[11-Jun-2026 22:33:03 UTC] [TEST] object_nodes SQL: SELECT * FROM object_nodes WHERE node_id = 'e865e2e4740a94ef' AND deleted = 0 ORDER BY created_at DESC
[11-Jun-2026 22:33:03 UTC] [TEST] object_nodes SQL: SELECT * FROM object_nodes WHERE node_id = 'e865c6da3565f70a' AND deleted = 0 ORDER BY created_at DESC
[11-Jun-2026 22:33:03 UTC] [TEST] object_nodes SQL: SELECT * FROM object_nodes WHERE node_id = 'e865cd6ef403fe7c' AND deleted = 0 ORDER BY created_at DESC
[11-Jun-2026 22:33:03 UTC] [TEST] object_nodes SQL: SELECT * FROM object_nodes WHERE node_id = 'e866192f4182214c' AND deleted = 0 ORDER BY created_at DESC
[11-Jun-2026 22:38:44 UTC] [TEST] object_nodes SQL: SELECT * FROM object_nodes WHERE node_id = 'e865e2e4740a94ef' AND deleted = 0 ORDER BY created_at DESC
[11-Jun-2026 22:38:44 UTC] [TEST] object_nodes SQL: SELECT * FROM object_nodes WHERE node_id = 'e865c6da3565f70a' AND deleted = 0 ORDER BY created_at DESC
[11-Jun-2026 22:38:44 UTC] [TEST] object_nodes SQL: SELECT * FROM object_nodes WHERE node_id = 'e865cd6ef403fe7c' AND deleted = 0 ORDER BY created_at DESC
[11-Jun-2026 22:38:44 UTC] [TEST] object_nodes SQL: SELECT * FROM object_nodes WHERE node_id = 'e866192f4182214c' AND deleted = 0 ORDER BY created_at DESC
[11-Jun-2026 22:41:56 UTC] [TEST] object_nodes SQL: SELECT * FROM object_nodes WHERE node_id = 'e865e2e4740a94ef' AND deleted = 0 ORDER BY created_at DESC
[11-Jun-2026 22:41:56 UTC] [TEST] object_nodes SQL: SELECT * FROM object_nodes WHERE node_id = 'e865c6da3565f70a' AND deleted = 0 ORDER BY created_at DESC
[11-Jun-2026 22:41:56 UTC] [TEST] object_nodes SQL: SELECT * FROM object_nodes WHERE node_id = 'e865cd6ef403fe7c' AND deleted = 0 ORDER BY created_at DESC
[11-Jun-2026 22:41:56 UTC] [TEST] object_nodes SQL: SELECT * FROM object_nodes WHERE node_id = 'e866192f4182214c' AND deleted = 0 ORDER BY created_at DESC
[11-Jun-2026 22:43:04 UTC] [TEST] object_nodes SQL: SELECT * FROM object_nodes WHERE node_id = 'e865e2e4740a94ef' AND deleted = 0 ORDER BY created_at DESC
[11-Jun-2026 22:43:04 UTC] [TEST] object_nodes SQL: SELECT * FROM object_nodes WHERE node_id = 'e865c6da3565f70a' AND deleted = 0 ORDER BY created_at DESC
[11-Jun-2026 22:43:04 UTC] [TEST] object_nodes SQL: SELECT * FROM object_nodes WHERE node_id = 'e865cd6ef403fe7c' AND deleted = 0 ORDER BY created_at DESC
[11-Jun-2026 22:43:04 UTC] [TEST] object_nodes SQL: SELECT * FROM object_nodes WHERE node_id = 'e866192f4182214c' AND deleted = 0 ORDER BY created_at DESC
[11-Jun-2026 22:45:11 UTC] [TEST] object_nodes SQL: SELECT * FROM object_nodes WHERE node_id = 'e865e2e4740a94ef' AND deleted = 0 ORDER BY created_at DESC
[11-Jun-2026 22:45:11 UTC] [TEST] object_nodes SQL: SELECT * FROM object_nodes WHERE node_id = 'e865c6da3565f70a' AND deleted = 0 ORDER BY created_at DESC
[11-Jun-2026 22:45:11 UTC] [TEST] object_nodes SQL: SELECT * FROM object_nodes WHERE node_id = 'e865cd6ef403fe7c' AND deleted = 0 ORDER BY created_at DESC
[11-Jun-2026 22:45:11 UTC] [TEST] object_nodes SQL: SELECT * FROM object_nodes WHERE node_id = 'e866192f4182214c' AND deleted = 0 ORDER BY created_at DESC
[11-Jun-2026 22:51:01 UTC] [TEST] object_nodes SQL: SELECT * FROM object_nodes WHERE node_id = 'e865e2e4740a94ef' AND deleted = 0 ORDER BY created_at DESC
[11-Jun-2026 22:51:01 UTC] [TEST] object_nodes SQL: SELECT * FROM object_nodes WHERE node_id = 'e865c6da3565f70a' AND deleted = 0 ORDER BY created_at DESC
[11-Jun-2026 22:51:01 UTC] [TEST] object_nodes SQL: SELECT * FROM object_nodes WHERE node_id = 'e865cd6ef403fe7c' AND deleted = 0 ORDER BY created_at DESC
[11-Jun-2026 22:51:01 UTC] [TEST] object_nodes SQL: SELECT * FROM object_nodes WHERE node_id = 'e866192f4182214c' AND deleted = 0 ORDER BY created_at DESC
[11-Jun-2026 22:52:54 UTC] [TEST] object_nodes SQL: SELECT * FROM object_nodes WHERE node_id = 'e865e2e4740a94ef' AND deleted = 0 ORDER BY created_at DESC
[11-Jun-2026 22:52:54 UTC] [TEST] object_nodes SQL: SELECT * FROM object_nodes WHERE node_id = 'e865c6da3565f70a' AND deleted = 0 ORDER BY created_at DESC
[11-Jun-2026 22:52:54 UTC] [TEST] object_nodes SQL: SELECT * FROM object_nodes WHERE node_id = 'e865cd6ef403fe7c' AND deleted = 0 ORDER BY created_at DESC
[11-Jun-2026 22:52:54 UTC] [TEST] object_nodes SQL: SELECT * FROM object_nodes WHERE node_id = 'e866192f4182214c' AND deleted = 0 ORDER BY created_at DESC
[11-Jun-2026 22:53:45 UTC] [TEST] object_nodes SQL: SELECT * FROM object_nodes WHERE node_id = 'e865e2e4740a94ef' AND deleted = 0 ORDER BY created_at DESC
[11-Jun-2026 22:53:45 UTC] [TEST] object_nodes SQL: SELECT * FROM object_nodes WHERE node_id = 'e865c6da3565f70a' AND deleted = 0 ORDER BY created_at DESC
[11-Jun-2026 22:53:45 UTC] [TEST] object_nodes SQL: SELECT * FROM object_nodes WHERE node_id = 'e865cd6ef403fe7c' AND deleted = 0 ORDER BY created_at DESC
[11-Jun-2026 22:53:45 UTC] [TEST] object_nodes SQL: SELECT * FROM object_nodes WHERE node_id = 'e866192f4182214c' AND deleted = 0 ORDER BY created_at DESC
[11-Jun-2026 22:55:45 UTC] [TEST] object_nodes SQL: SELECT * FROM object_nodes WHERE node_id = 'e865e2e4740a94ef' AND deleted = 0 ORDER BY created_at DESC
[11-Jun-2026 22:55:45 UTC] [TEST] object_nodes SQL: SELECT * FROM object_nodes WHERE node_id = 'e865c6da3565f70a' AND deleted = 0 ORDER BY created_at DESC
[11-Jun-2026 22:55:45 UTC] [TEST] object_nodes SQL: SELECT * FROM object_nodes WHERE node_id = 'e865cd6ef403fe7c' AND deleted = 0 ORDER BY created_at DESC
[11-Jun-2026 22:55:45 UTC] [TEST] object_nodes SQL: SELECT * FROM object_nodes WHERE node_id = 'e866192f4182214c' AND deleted = 0 ORDER BY created_at DESC
[11-Jun-2026 22:59:12 UTC] [TEST] object_nodes SQL: SELECT * FROM object_nodes WHERE node_id = 'e865e2e4740a94ef' AND deleted = 0 ORDER BY created_at DESC
[11-Jun-2026 22:59:12 UTC] [TEST] object_nodes SQL: SELECT * FROM object_nodes WHERE node_id = 'e865c6da3565f70a' AND deleted = 0 ORDER BY created_at DESC
[11-Jun-2026 22:59:12 UTC] [TEST] object_nodes SQL: SELECT * FROM object_nodes WHERE node_id = 'e865cd6ef403fe7c' AND deleted = 0 ORDER BY created_at DESC
[11-Jun-2026 22:59:12 UTC] [TEST] object_nodes SQL: SELECT * FROM object_nodes WHERE node_id = 'e866192f4182214c' AND deleted = 0 ORDER BY created_at DESC
[11-Jun-2026 22:59:31 UTC] [TEST] object_nodes SQL: SELECT * FROM object_nodes WHERE node_id = 'e865e2e4740a94ef' AND deleted = 0 ORDER BY created_at DESC
[11-Jun-2026 22:59:31 UTC] [TEST] object_nodes SQL: SELECT * FROM object_nodes WHERE node_id = 'e865c6da3565f70a' AND deleted = 0 ORDER BY created_at DESC
[11-Jun-2026 22:59:31 UTC] [TEST] object_nodes SQL: SELECT * FROM object_nodes WHERE node_id = 'e865cd6ef403fe7c' AND deleted = 0 ORDER BY created_at DESC
[11-Jun-2026 22:59:31 UTC] [TEST] object_nodes SQL: SELECT * FROM object_nodes WHERE node_id = 'e866192f4182214c' AND deleted = 0 ORDER BY created_at DESC
[11-Jun-2026 23:00:18 UTC] [TEST] object_nodes SQL: SELECT * FROM object_nodes WHERE node_id = 'e865e2e4740a94ef' AND deleted = 0 ORDER BY created_at DESC
[11-Jun-2026 23:00:18 UTC] [TEST] object_nodes SQL: SELECT * FROM object_nodes WHERE node_id = 'e865c6da3565f70a' AND deleted = 0 ORDER BY created_at DESC
[11-Jun-2026 23:00:18 UTC] [TEST] object_nodes SQL: SELECT * FROM object_nodes WHERE node_id = 'e865cd6ef403fe7c' AND deleted = 0 ORDER BY created_at DESC
[11-Jun-2026 23:00:18 UTC] [TEST] object_nodes SQL: SELECT * FROM object_nodes WHERE node_id = 'e866192f4182214c' AND deleted = 0 ORDER BY created_at DESC
[11-Jun-2026 23:05:27 UTC] [TEST] object_nodes SQL: SELECT * FROM object_nodes WHERE node_id = 'e865e2e4740a94ef' AND deleted = 0 ORDER BY created_at DESC
[11-Jun-2026 23:05:27 UTC] [TEST] object_nodes SQL: SELECT * FROM object_nodes WHERE node_id = 'e865c6da3565f70a' AND deleted = 0 ORDER BY created_at DESC
[11-Jun-2026 23:05:27 UTC] [TEST] object_nodes SQL: SELECT * FROM object_nodes WHERE node_id = 'e865cd6ef403fe7c' AND deleted = 0 ORDER BY created_at DESC
[11-Jun-2026 23:05:27 UTC] [TEST] object_nodes SQL: SELECT * FROM object_nodes WHERE node_id = 'e866192f4182214c' AND deleted = 0 ORDER BY created_at DESC
[11-Jun-2026 23:05:41 UTC] [TEST] object_nodes SQL: SELECT * FROM object_nodes WHERE node_id = 'e865e2e4740a94ef' AND deleted = 0 ORDER BY created_at DESC
[11-Jun-2026 23:05:41 UTC] [TEST] object_nodes SQL: SELECT * FROM object_nodes WHERE node_id = 'e865c6da3565f70a' AND deleted = 0 ORDER BY created_at DESC
[11-Jun-2026 23:05:41 UTC] [TEST] object_nodes SQL: SELECT * FROM object_nodes WHERE node_id = 'e865cd6ef403fe7c' AND deleted = 0 ORDER BY created_at DESC
[11-Jun-2026 23:05:41 UTC] [TEST] object_nodes SQL: SELECT * FROM object_nodes WHERE node_id = 'e866192f4182214c' AND deleted = 0 ORDER BY created_at DESC
[11-Jun-2026 23:07:50 UTC] [TEST] object_nodes SQL: SELECT * FROM object_nodes WHERE node_id = 'e865e2e4740a94ef' AND deleted = 0 ORDER BY created_at DESC
[11-Jun-2026 23:07:50 UTC] [TEST] object_nodes SQL: SELECT * FROM object_nodes WHERE node_id = 'e865c6da3565f70a' AND deleted = 0 ORDER BY created_at DESC
[11-Jun-2026 23:07:50 UTC] [TEST] object_nodes SQL: SELECT * FROM object_nodes WHERE node_id = 'e865cd6ef403fe7c' AND deleted = 0 ORDER BY created_at DESC
[11-Jun-2026 23:07:50 UTC] [TEST] object_nodes SQL: SELECT * FROM object_nodes WHERE node_id = 'e866192f4182214c' AND deleted = 0 ORDER BY created_at DESC
